Archive member included to satisfy reference by file (symbol)

D:/STM32CubeIDE_1.13.0/STM32CubeIDE/plugins/com.st.stm32cube.ide.mcu.externaltools.gnu-tools-for-stm32.11.3.rel1.win32_1.1.0.202305231506/tools/bin/../lib/gcc/arm-none-eabi/11.3.1/../../../../arm-none-eabi/lib/thumb/v6-m/nofp\libc_nano.a(libc_a-exit.o)
                              D:/STM32CubeIDE_1.13.0/STM32CubeIDE/plugins/com.st.stm32cube.ide.mcu.externaltools.gnu-tools-for-stm32.11.3.rel1.win32_1.1.0.202305231506/tools/bin/../lib/gcc/arm-none-eabi/11.3.1/../../../../arm-none-eabi/lib/thumb/v6-m/nofp/crt0.o (exit)
D:/STM32CubeIDE_1.13.0/STM32CubeIDE/plugins/com.st.stm32cube.ide.mcu.externaltools.gnu-tools-for-stm32.11.3.rel1.win32_1.1.0.202305231506/tools/bin/../lib/gcc/arm-none-eabi/11.3.1/../../../../arm-none-eabi/lib/thumb/v6-m/nofp\libc_nano.a(libc_a-findfp.o)
                              D:/STM32CubeIDE_1.13.0/STM32CubeIDE/plugins/com.st.stm32cube.ide.mcu.externaltools.gnu-tools-for-stm32.11.3.rel1.win32_1.1.0.202305231506/tools/bin/../lib/gcc/arm-none-eabi/11.3.1/../../../../arm-none-eabi/lib/thumb/v6-m/nofp\libc_nano.a(libc_a-exit.o) (__stdio_exit_handler)
D:/STM32CubeIDE_1.13.0/STM32CubeIDE/plugins/com.st.stm32cube.ide.mcu.externaltools.gnu-tools-for-stm32.11.3.rel1.win32_1.1.0.202305231506/tools/bin/../lib/gcc/arm-none-eabi/11.3.1/../../../../arm-none-eabi/lib/thumb/v6-m/nofp\libc_nano.a(libc_a-fwalk.o)
                              D:/STM32CubeIDE_1.13.0/STM32CubeIDE/plugins/com.st.stm32cube.ide.mcu.externaltools.gnu-tools-for-stm32.11.3.rel1.win32_1.1.0.202305231506/tools/bin/../lib/gcc/arm-none-eabi/11.3.1/../../../../arm-none-eabi/lib/thumb/v6-m/nofp\libc_nano.a(libc_a-findfp.o) (_fwalk_sglue)
D:/STM32CubeIDE_1.13.0/STM32CubeIDE/plugins/com.st.stm32cube.ide.mcu.externaltools.gnu-tools-for-stm32.11.3.rel1.win32_1.1.0.202305231506/tools/bin/../lib/gcc/arm-none-eabi/11.3.1/../../../../arm-none-eabi/lib/thumb/v6-m/nofp\libc_nano.a(libc_a-stdio.o)
                              D:/STM32CubeIDE_1.13.0/STM32CubeIDE/plugins/com.st.stm32cube.ide.mcu.externaltools.gnu-tools-for-stm32.11.3.rel1.win32_1.1.0.202305231506/tools/bin/../lib/gcc/arm-none-eabi/11.3.1/../../../../arm-none-eabi/lib/thumb/v6-m/nofp\libc_nano.a(libc_a-findfp.o) (__sread)
D:/STM32CubeIDE_1.13.0/STM32CubeIDE/plugins/com.st.stm32cube.ide.mcu.externaltools.gnu-tools-for-stm32.11.3.rel1.win32_1.1.0.202305231506/tools/bin/../lib/gcc/arm-none-eabi/11.3.1/../../../../arm-none-eabi/lib/thumb/v6-m/nofp\libc_nano.a(libc_a-vsnprintf.o)
                              ./letter-shell-master/shell.o (vsnprintf)
D:/STM32CubeIDE_1.13.0/STM32CubeIDE/plugins/com.st.stm32cube.ide.mcu.externaltools.gnu-tools-for-stm32.11.3.rel1.win32_1.1.0.202305231506/tools/bin/../lib/gcc/arm-none-eabi/11.3.1/../../../../arm-none-eabi/lib/thumb/v6-m/nofp\libc_nano.a(libc_a-memset.o)
                              D:/STM32CubeIDE_1.13.0/STM32CubeIDE/plugins/com.st.stm32cube.ide.mcu.externaltools.gnu-tools-for-stm32.11.3.rel1.win32_1.1.0.202305231506/tools/bin/../lib/gcc/arm-none-eabi/11.3.1/../../../../arm-none-eabi/lib/thumb/v6-m/nofp/crt0.o (memset)
D:/STM32CubeIDE_1.13.0/STM32CubeIDE/plugins/com.st.stm32cube.ide.mcu.externaltools.gnu-tools-for-stm32.11.3.rel1.win32_1.1.0.202305231506/tools/bin/../lib/gcc/arm-none-eabi/11.3.1/../../../../arm-none-eabi/lib/thumb/v6-m/nofp\libc_nano.a(libc_a-strncmp.o)
                              ./letter-shell-master/shell.o (strncmp)
D:/STM32CubeIDE_1.13.0/STM32CubeIDE/plugins/com.st.stm32cube.ide.mcu.externaltools.gnu-tools-for-stm32.11.3.rel1.win32_1.1.0.202305231506/tools/bin/../lib/gcc/arm-none-eabi/11.3.1/../../../../arm-none-eabi/lib/thumb/v6-m/nofp\libc_nano.a(libc_a-closer.o)
                              D:/STM32CubeIDE_1.13.0/STM32CubeIDE/plugins/com.st.stm32cube.ide.mcu.externaltools.gnu-tools-for-stm32.11.3.rel1.win32_1.1.0.202305231506/tools/bin/../lib/gcc/arm-none-eabi/11.3.1/../../../../arm-none-eabi/lib/thumb/v6-m/nofp\libc_nano.a(libc_a-stdio.o) (_close_r)
D:/STM32CubeIDE_1.13.0/STM32CubeIDE/plugins/com.st.stm32cube.ide.mcu.externaltools.gnu-tools-for-stm32.11.3.rel1.win32_1.1.0.202305231506/tools/bin/../lib/gcc/arm-none-eabi/11.3.1/../../../../arm-none-eabi/lib/thumb/v6-m/nofp\libc_nano.a(libc_a-reent.o)
                              D:/STM32CubeIDE_1.13.0/STM32CubeIDE/plugins/com.st.stm32cube.ide.mcu.externaltools.gnu-tools-for-stm32.11.3.rel1.win32_1.1.0.202305231506/tools/bin/../lib/gcc/arm-none-eabi/11.3.1/../../../../arm-none-eabi/lib/thumb/v6-m/nofp\libc_nano.a(libc_a-closer.o) (errno)
D:/STM32CubeIDE_1.13.0/STM32CubeIDE/plugins/com.st.stm32cube.ide.mcu.externaltools.gnu-tools-for-stm32.11.3.rel1.win32_1.1.0.202305231506/tools/bin/../lib/gcc/arm-none-eabi/11.3.1/../../../../arm-none-eabi/lib/thumb/v6-m/nofp\libc_nano.a(libc_a-impure.o)
[...]
Memory Configuration

Name             Origin             Length             Attributes
RAM              0x0000000020000000 0x0000000000002000 xrw
FLASH            0x0000000008000000 0x0000000000010000 xr
*default*        0x0000000000000000 0xffffffffffffffff

Linker script and memory map

LOAD D:/STM32CubeIDE_1.13.0/STM32CubeIDE/plugins/com.st.stm32cube.ide.mcu.externaltools.gnu-tools-for-stm32.11.3.rel1.win32_1.1.0.202305231506/tools/bin/../lib/gcc/arm-none-eabi/11.3.1/thumb/v6-m/nofp/crti.o
LOAD D:/STM32CubeIDE_1.13.0/STM32CubeIDE/plugins/com.st.stm32cube.ide.mcu.externaltools.gnu-tools-for-stm32.11.3.rel1.win32_1.1.0.202305231506/tools/bin/../lib/gcc/arm-none-eabi/11.3.1/thumb/v6-m/nofp/crtbegin.o
LOAD D:/STM32CubeIDE_1.13.0/STM32CubeIDE/plugins/com.st.stm32cube.ide.mcu.externaltools.gnu-tools-for-stm32.11.3.rel1.win32_1.1.0.202305231506/tools/bin/../lib/gcc/arm-none-eabi/11.3.1/../../../../arm-none-eabi/lib/thumb/v6-m/nofp/crt0.o
LOAD ./Core/Src/freertos.o
LOAD ./Core/Src/gpio.o
LOAD ./Core/Src/main.o
LOAD ./Core/Src/stm32l0xx_hal_msp.o
LOAD ./Core/Src/stm32l0xx_hal_timebase_tim.o
LOAD ./Core/Src/stm32l0xx_it.o
LOAD ./Core/Src/syscalls.o
LOAD ./Core/Src/sysmem.o
LOAD ./Core/Src/system_stm32l0xx.o
LOAD ./Core/Src/usart.o
LOAD ./Core/Startup/startup_stm32l053r8tx.o
LOAD ./Drivers/STM32L0xx_HAL_Driver/Src/stm32l0xx_hal.o
LOAD ./Drivers/STM32L0xx_HAL_Driver/Src/stm32l0xx_hal_cortex.o
LOAD ./Drivers/STM32L0xx_HAL_Driver/Src/stm32l0xx_hal_dma.o
LOAD ./Drivers/STM32L0xx_HAL_Driver/Src/stm32l0xx_hal_exti.o
LOAD ./Drivers/STM32L0xx_HAL_Driver/Src/stm32l0xx_hal_flash.o
LOAD ./Drivers/STM32L0xx_HAL_Driver/Src/stm32l0xx_hal_flash_ex.o
LOAD ./Drivers/STM32L0xx_HAL_Driver/Src/stm32l0xx_hal_flash_ramfunc.o
LOAD ./Drivers/STM32L0xx_HAL_Driver/Src/stm32l0xx_hal_gpio.o
LOAD ./Drivers/STM32L0xx_HAL_Driver/Src/stm32l0xx_hal_i2c.o
LOAD ./Drivers/STM32L0xx_HAL_Driver/Src/stm32l0xx_hal_i2c_ex.o
LOAD ./Drivers/STM32L0xx_HAL_Driver/Src/stm32l0xx_hal_pwr.o
LOAD ./Drivers/STM32L0xx_HAL_Driver/Src/stm32l0xx_hal_pwr_ex.o
LOAD ./Drivers/STM32L0xx_HAL_Driver/Src/stm32l0xx_hal_rcc.o
LOAD ./Drivers/STM32L0xx_HAL_Driver/Src/stm32l0xx_hal_rcc_ex.o
LOAD ./Drivers/STM32L0xx_HAL_Driver/Src/stm32l0xx_hal_tim.o
LOAD ./Drivers/STM32L0xx_HAL_Driver/Src/stm32l0xx_hal_tim_ex.o
LOAD ./Drivers/STM32L0xx_HAL_Driver/Src/stm32l0xx_hal_uart.o
LOAD ./Drivers/STM32L0xx_HAL_Driver/Src/stm32l0xx_hal_uart_ex.o
LOAD ./Middlewares/Third_Party/FreeRTOS/Source/CMSIS_RTOS_V2/cmsis_os2.o
LOAD ./Middlewares/Third_Party/FreeRTOS/Source/croutine.o
LOAD ./Middlewares/Third_Party/FreeRTOS/Source/event_groups.o
LOAD ./Middlewares/Third_Party/FreeRTOS/Source/list.o
LOAD ./Middlewares/Third_Party/FreeRTOS/Source/queue.o
LOAD ./Middlewares/Third_Party/FreeRTOS/Source/stream_buffer.o
LOAD ./Middlewares/Third_Party/FreeRTOS/Source/tasks.o
LOAD ./Middlewares/Third_Party/FreeRTOS/Source/timers.o
LOAD ./Middlewares/Third_Party/FreeRTOS/Source/portable/GCC/ARM_CM0/port.o
LOAD ./Middlewares/Third_Party/FreeRTOS/Source/portable/MemMang/heap_4.o
LOAD ./letter-shell-master/shell.o
LOAD ./letter-shell-master/shell_cmd_list.o
LOAD ./letter-shell-master/shell_companion.o
LOAD ./letter-shell-master/shell_ext.o
LOAD ./letter-shell-master/shell_port.o
START GROUP
LOAD D:/STM32CubeIDE_1.13.0/STM32CubeIDE/plugins/com.st.stm32cube.ide.mcu.externaltools.gnu-tools-for-stm32.11.3.rel1.win32_1.1.0.202305231506/tools/bin/../lib/gcc/arm-none-eabi/11.3.1/../../../../arm-none-eabi/lib/thumb/v6-m/nofp\libc_nano.a
LOAD D:/STM32CubeIDE_1.13.0/STM32CubeIDE/plugins/com.st.stm32cube.ide.mcu.externaltools.gnu-tools-for-stm32.11.3.rel1.win32_1.1.0.202305231506/tools/bin/../lib/gcc/arm-none-eabi/11.3.1/../../../../arm-none-eabi/lib/thumb/v6-m/nofp\libm.a
END GROUP
START GROUP
LOAD D:/STM32CubeIDE_1.13.0/STM32CubeIDE/plugins/com.st.stm32cube.ide.mcu.externaltools.gnu-tools-for-stm32.11.3.rel1.win32_1.1.0.202305231506/tools/bin/../lib/gcc/arm-none-eabi/11.3.1/thumb/v6-m/nofp\libgcc.a
LOAD D:/STM32CubeIDE_1.13.0/STM32CubeIDE/plugins/com.st.stm32cube.ide.mcu.externaltools.gnu-tools-for-stm32.11.3.rel1.win32_1.1.0.202305231506/tools/bin/../lib/gcc/arm-none-eabi/11.3.1/../../../../arm-none-eabi/lib/thumb/v6-m/nofp\libc_nano.a
END GROUP
START GROUP
LOAD D:/STM32CubeIDE_1.13.0/STM32CubeIDE/plugins/com.st.stm32cube.ide.mcu.externaltools.gnu-tools-for-stm32.11.3.rel1.win32_1.1.0.202305231506/tools/bin/../lib/gcc/arm-none-eabi/11.3.1/thumb/v6-m/nofp\libgcc.a
LOAD D:/STM32CubeIDE_1.13.0/STM32CubeIDE/plugins/com.st.stm32cube.ide.mcu.externaltools.gnu-tools-for-stm32.11.3.rel1.win32_1.1.0.202305231506/tools/bin/../lib/gcc/arm-none-eabi/11.3.1/../../../../arm-none-eabi/lib/thumb/v6-m/nofp\libc_nano.a
LOAD D:/STM32CubeIDE_1.13.0/STM32CubeIDE/plugins/com.st.stm32cube.ide.mcu.externaltools.gnu-tools-for-stm32.11.3.rel1.win32_1.1.0.202305231506/tools/bin/../lib/gcc/arm-none-eabi/11.3.1/../../../../arm-none-eabi/lib/thumb/v6-m/nofp\libnosys.a
END GROUP
START GROUP
LOAD D:/STM32CubeIDE_1.13.0/STM32CubeIDE/plugins/com.st.stm32cube.ide.mcu.externaltools.gnu-tools-for-stm32.11.3.rel1.win32_1.1.0.202305231506/tools/bin/../lib/gcc/arm-none-eabi/11.3.1/thumb/v6-m/nofp\libgcc.a
LOAD D:/STM32CubeIDE_1.13.0/STM32CubeIDE/plugins/com.st.stm32cube.ide.mcu.externaltools.gnu-tools-for-stm32.11.3.rel1.win32_1.1.0.202305231506/tools/bin/../lib/gcc/arm-none-eabi/11.3.1/../../../../arm-none-eabi/lib/thumb/v6-m/nofp\libc_nano.a
LOAD D:/STM32CubeIDE_1.13.0/STM32CubeIDE/plugins/com.st.stm32cube.ide.mcu.externaltools.gnu-tools-for-stm32.11.3.rel1.win32_1.1.0.202305231506/tools/bin/../lib/gcc/arm-none-eabi/11.3.1/../../../../arm-none-eabi/lib/thumb/v6-m/nofp\libnosys.a
END GROUP
LOAD D:/STM32CubeIDE_1.13.0/STM32CubeIDE/plugins/com.st.stm32cube.ide.mcu.externaltools.gnu-tools-for-stm32.11.3.rel1.win32_1.1.0.202305231506/tools/bin/../lib/gcc/arm-none-eabi/11.3.1/thumb/v6-m/nofp/crtend.o
LOAD D:/STM32CubeIDE_1.13.0/STM32CubeIDE/plugins/com.st.stm32cube.ide.mcu.externaltools.gnu-tools-for-stm32.11.3.rel1.win32_1.1.0.202305231506/tools/bin/../lib/gcc/arm-none-eabi/11.3.1/thumb/v6-m/nofp/crtn.o
                0x0000000020002000                _estack = (ORIGIN (RAM) + LENGTH (RAM))
                0x0000000000000200                _Min_Heap_Size = 0x200
                0x0000000000000400                _Min_Stack_Size = 0x400

.isr_vector     0x0000000008000000       0xc0
                0x0000000008000000                . = ALIGN (0x4)
 *(.isr_vector)
 .isr_vector    0x0000000008000000       0xc0 ./Core/Startup/startup_stm32l053r8tx.o
                0x0000000008000000                g_pfnVectors
                0x00000000080000c0                . = ALIGN (0x4)

.text           0x00000000080000c0     0x9898
                0x00000000080000c0                . = ALIGN (0x4)
 *(.text)
 .text          0x00000000080000c0       0x48 D:/STM32CubeIDE_1.13.0/STM32CubeIDE/plugins/com.st.stm32cube.ide.mcu.externaltools.gnu-tools-for-stm32.11.3.rel1.win32_1.1.0.202305231506/tools/bin/../lib/gcc/arm-none-eabi/11.3.1/thumb/v6-m/nofp/crtbegin.o
 .text          0x0000000008000108       0x14 D:/STM32CubeIDE_1.13.0/STM32CubeIDE/plugins/com.st.stm32cube.ide.mcu.externaltools.gnu-tools-for-stm32.11.3.rel1.win32_1.1.0.202305231506/tools/bin/../lib/gcc/arm-none-eabi/11.3.1/../../../../arm-none-eabi/lib/thumb/v6-m/nofp\libc_nano.a(libc_a-strcmp.o)
                0x0000000008000108                strcmp
 .text          0x000000000800011c        0xe D:/STM32CubeIDE_1.13.0/STM32CubeIDE/plugins/com.st.stm32cube.ide.mcu.externaltools.gnu-tools-for-stm32.11.3.rel1.win32_1.1.0.202305231506/tools/bin/../lib/gcc/arm-none-eabi/11.3.1/../../../../arm-none-eabi/lib/thumb/v6-m/nofp\libc_nano.a(libc_a-strlen.o)
                0x000000000800011c                strlen
 *fill*         0x000000000800012a        0x2 
 .text          0x000000000800012c      0x114 D:/STM32CubeIDE_1.13.0/STM32CubeIDE/plugins/com.st.stm32cube.ide.mcu.externaltools.gnu-tools-for-stm32.11.3.rel1.win32_1.1.0.202305231506/tools/bin/../lib/gcc/arm-none-eabi/11.3.1/thumb/v6-m/nofp\libgcc.a(_udivsi3.o)
                0x000000000800012c                __aeabi_uidiv
                0x000000000800012c                __udivsi3
                0x0000000008000238                __aeabi_uidivmod
 .text          0x0000000008000240      0x1d4 D:/STM32CubeIDE_1.13.0/STM32CubeIDE/plugins/com.st.stm32cube.ide.mcu.externaltools.gnu-tools-for-stm32.11.3.rel1.win32_1.1.0.202305231506/tools/bin/../lib/gcc/arm-none-eabi/11.3.1/thumb/v6-m/nofp\libgcc.a(_divsi3.o)
                0x0000000008000240                __divsi3
                0x0000000008000240                __aeabi_idiv
                0x000000000800040c                __aeabi_idivmod
 .text          0x0000000008000414        0x4 D:/STM32CubeIDE_1.13.0/STM32CubeIDE/plugins/com.st.stm32cube.ide.mcu.externaltools.gnu-tools-for-stm32.11.3.rel1.win32_1.1.0.202305231506/tools/bin/../lib/gcc/arm-none-eabi/11.3.1/thumb/v6-m/nofp\libgcc.a(_dvmd_tls.o)
                0x0000000008000414                __aeabi_idiv0
                0x0000000008000414                __aeabi_ldiv0
 .text          0x0000000008000418       0x40 D:/STM32CubeIDE_1.13.0/STM32CubeIDE/plugins/com.st.stm32cube.ide.mcu.externaltools.gnu-tools-for-stm32.11.3.rel1.win32_1.1.0.202305231506/tools/bin/../lib/gcc/arm-none-eabi/11.3.1/thumb/v6-m/nofp\libgcc.a(_aeabi_uldivmod.o)
                0x0000000008000418                __aeabi_uldivmod
 .text          0x0000000008000458       0x5c D:/STM32CubeIDE_1.13.0/STM32CubeIDE/plugins/com.st.stm32cube.ide.mcu.externaltools.gnu-tools-for-stm32.11.3.rel1.win32_1.1.0.202305231506/tools/bin/../lib/gcc/arm-none-eabi/11.3.1/thumb/v6-m/nofp\libgcc.a(_muldi3.o)
                0x0000000008000458                __muldi3
                0x0000000008000458                __aeabi_lmul
 .text          0x00000000080004b4      0x198 D:/STM32CubeIDE_1.13.0/STM32CubeIDE/plugins/com.st.stm32cube.ide.mcu.externaltools.gnu-tools-for-stm32.11.3.rel1.win32_1.1.0.202305231506/tools/bin/../lib/gcc/arm-none-eabi/11.3.1/thumb/v6-m/nofp\libgcc.a(_udivmoddi4.o)
                0x00000000080004b4                __udivmoddi4
 .text          0x000000000800064c      0x234 D:/STM32CubeIDE_1.13.0/STM32CubeIDE/plugins/com.st.stm32cube.ide.mcu.externaltools.gnu-tools-for-stm32.11.3.rel1.win32_1.1.0.202305231506/tools/bin/../lib/gcc/arm-none-eabi/11.3.1/thumb/v6-m/nofp\libgcc.a(divsf3.o)
                0x000000000800064c                __aeabi_fdiv
 .text          0x0000000008000880      0x29c D:/STM32CubeIDE_1.13.0/STM32CubeIDE/plugins/com.st.stm32cube.ide.mcu.externaltools.gnu-tools-for-stm32.11.3.rel1.win32_1.1.0.202305231506/tools/bin/../lib/gcc/arm-none-eabi/11.3.1/thumb/v6-m/nofp\libgcc.a(mulsf3.o)
                0x0000000008000880                __aeabi_fmul
 .text          0x0000000008000b1c       0xa4 D:/STM32CubeIDE_1.13.0/STM32CubeIDE/plugins/com.st.stm32cube.ide.mcu.externaltools.gnu-tools-for-stm32.11.3.rel1.win32_1.1.0.202305231506/tools/bin/../lib/gcc/arm-none-eabi/11.3.1/thumb/v6-m/nofp\libgcc.a(floatsisf.o)
                0x0000000008000b1c                __aeabi_i2f
 .text          0x0000000008000bc0       0x90 D:/STM32CubeIDE_1.13.0/STM32CubeIDE/plugins/com.st.stm32cube.ide.mcu.externaltools.gnu-tools-for-stm32.11.3.rel1.win32_1.1.0.202305231506/tools/bin/../lib/gcc/arm-none-eabi/11.3.1/thumb/v6-m/nofp\libgcc.a(floatunsisf.o)
                0x0000000008000bc0                __aeabi_ui2f
 .text          0x0000000008000c50       0x3c D:/STM32CubeIDE_1.13.0/STM32CubeIDE/plugins/com.st.stm32cube.ide.mcu.externaltools.gnu-tools-for-stm32.11.3.rel1.win32_1.1.0.202305231506/tools/bin/../lib/gcc/arm-none-eabi/11.3.1/thumb/v6-m/nofp\libgcc.a(_clzsi2.o)
                0x0000000008000c50                __clzsi2
 .text          0x0000000008000c8c       0x18 D:/STM32CubeIDE_1.13.0/STM32CubeIDE/plugins/com.st.stm32cube.ide.mcu.externaltools.gnu-tools-for-stm32.11.3.rel1.win32_1.1.0.202305231506/tools/bin/../lib/gcc/arm-none-eabi/11.3.1/thumb/v6-m/nofp\libgcc.a(_clzdi2.o)
                0x0000000008000c8c                __clzdi2
 *(.text*)
 .text.MX_FREERTOS_Init
                0x0000000008000ca4       0x48 ./Core/Src/freertos.o
                0x0000000008000ca4                MX_FREERTOS_Init
 .text.StartDefaultTask
                0x0000000008000cec       0x24 ./Core/Src/freertos.o
                0x0000000008000cec                StartDefaultTask
 .text.StartTask02
                0x0000000008000d10        0xa ./Core/Src/freertos.o
                0x0000000008000d10                StartTask02
 .text.LED_ON   0x0000000008000d1a       0x36 ./Core/Src/freertos.o
                0x0000000008000d1a                LED_ON
 .text.HAL_UART_RxCpltCallback
                0x0000000008000d50       0x44 ./Core/Src/freertos.o
                0x0000000008000d50                HAL_UART_RxCpltCallback
 .text.MX_GPIO_Init
                0x0000000008000d94       0x6c ./Core/Src/gpio.o
                0x0000000008000d94                MX_GPIO_Init
 .text.main     0x0000000008000e00       0x22 ./Core/Src/main.o
                0x0000000008000e00                main
 *fill*         0x0000000008000e22        0x2 
 .text.SystemClock_Config
                0x0000000008000e24       0xe4 ./Core/Src/main.o
                0x0000000008000e24                SystemClock_Config
 .text.HAL_TIM_PeriodElapsedCallback
                0x0000000008000f08       0x20 ./Core/Src/main.o
                0x0000000008000f08                HAL_TIM_PeriodElapsedCallback
 .text.Error_Handler
                0x0000000008000f28        0xa ./Core/Src/main.o
                0x0000000008000f28                Error_Handler
 *fill*         0x0000000008000f32        0x2 
 .text.HAL_MspInit
                0x0000000008000f34       0x38 ./Core/Src/stm32l0xx_hal_msp.o
                0x0000000008000f34                HAL_MspInit
 .text.HAL_InitTick
                0x0000000008000f6c       0xf8 ./Core/Src/stm32l0xx_hal_timebase_tim.o
                0x0000000008000f6c                HAL_InitTick
 .text.NMI_Handler
                0x0000000008001064        0x6 ./Core/Src/stm32l0xx_it.o
                0x0000000008001064                NMI_Handler
 .text.HardFault_Handler
                0x000000000800106a        0x6 ./Core/Src/stm32l0xx_it.o
                0x000000000800106a                HardFault_Handler
 .text.TIM2_IRQHandler
                0x0000000008001070       0x18 ./Core/Src/stm32l0xx_it.o
                0x0000000008001070                TIM2_IRQHandler
 .text.USART1_IRQHandler
                0x0000000008001088       0x18 ./Core/Src/stm32l0xx_it.o
                0x0000000008001088                USART1_IRQHandler
 .text.SystemInit
                0x00000000080010a0        0xa ./Core/Src/system_stm32l0xx.o
                0x00000000080010a0                SystemInit
 *fill*         0x00000000080010aa        0x2 
 .text.MX_USART1_UART_Init
                0x00000000080010ac       0x60 ./Core/Src/usart.o
                0x00000000080010ac                MX_USART1_UART_Init
 .text.HAL_UART_MspInit
                0x000000000800110c       0x98 ./Core/Src/usart.o
                0x000000000800110c                HAL_UART_MspInit
 .text.Reset_Handler
                0x00000000080011a4       0x50 ./Core/Startup/startup_stm32l053r8tx.o
                0x00000000080011a4                Reset_Handler
 .text.Default_Handler
                0x00000000080011f4        0x2 ./Core/Startup/startup_stm32l053r8tx.o
                0x00000000080011f4                TSC_IRQHandler
                0x00000000080011f4                ADC1_COMP_IRQHandler
                0x00000000080011f4                PVD_IRQHandler
                0x00000000080011f4                I2C1_IRQHandler
                0x00000000080011f4                RCC_CRS_IRQHandler
                0x00000000080011f4                SPI1_IRQHandler
                0x00000000080011f4                TIM6_DAC_IRQHandler
                0x00000000080011f4                EXTI2_3_IRQHandler
                0x00000000080011f4                I2C2_IRQHandler
                0x00000000080011f4                RTC_IRQHandler
                0x00000000080011f4                LCD_IRQHandler
                0x00000000080011f4                DMA1_Channel4_5_6_7_IRQHandler
                0x00000000080011f4                EXTI4_15_IRQHandler
                0x00000000080011f4                DMA1_Channel1_IRQHandler
                0x00000000080011f4                Default_Handler
                0x00000000080011f4                TIM22_IRQHandler
                0x00000000080011f4                EXTI0_1_IRQHandler
                0x00000000080011f4                USB_IRQHandler
                0x00000000080011f4                SPI2_IRQHandler
                0x00000000080011f4                TIM21_IRQHandler
                0x00000000080011f4                WWDG_IRQHandler
                0x00000000080011f4                DMA1_Channel2_3_IRQHandler
                0x00000000080011f4                USART2_IRQHandler
                0x00000000080011f4                FLASH_IRQHandler
                0x00000000080011f4                RNG_LPUART1_IRQHandler
                0x00000000080011f4                LPTIM1_IRQHandler
 *fill*         0x00000000080011f6        0x2 
 .text.HAL_Init
                0x00000000080011f8       0x40 ./Drivers/STM32L0xx_HAL_Driver/Src/stm32l0xx_hal.o
                0x00000000080011f8                HAL_Init
 .text.HAL_IncTick
                0x0000000008001238       0x24 ./Drivers/STM32L0xx_HAL_Driver/Src/stm32l0xx_hal.o
                0x0000000008001238                HAL_IncTick
 .text.HAL_GetTick
                0x000000000800125c       0x14 ./Drivers/STM32L0xx_HAL_Driver/Src/stm32l0xx_hal.o
                0x000000000800125c                HAL_GetTick
 .text.HAL_Delay
                0x0000000008001270       0x48 ./Drivers/STM32L0xx_HAL_Driver/Src/stm32l0xx_hal.o
                0x0000000008001270                HAL_Delay
 .text.__NVIC_EnableIRQ
                0x00000000080012b8       0x34 ./Drivers/STM32L0xx_HAL_Driver/Src/stm32l0xx_hal_cortex.o
 .text.__NVIC_SetPriority
                0x00000000080012ec       0xdc ./Drivers/STM32L0xx_HAL_Driver/Src/stm32l0xx_hal_cortex.o
 .text.HAL_NVIC_SetPriority
                0x00000000080013c8       0x2a ./Drivers/STM32L0xx_HAL_Driver/Src/stm32l0xx_hal_cortex.o
                0x00000000080013c8                HAL_NVIC_SetPriority
 .text.HAL_NVIC_EnableIRQ
                0x00000000080013f2       0x20 ./Drivers/STM32L0xx_HAL_Driver/Src/stm32l0xx_hal_cortex.o
                0x00000000080013f2                HAL_NVIC_EnableIRQ
 .text.HAL_DMA_Abort
                0x0000000008001412       0x80 ./Drivers/STM32L0xx_HAL_Driver/Src/stm32l0xx_hal_dma.o
                0x0000000008001412                HAL_DMA_Abort
 .text.HAL_DMA_Abort_IT
                0x0000000008001492       0x8e ./Drivers/STM32L0xx_HAL_Driver/Src/stm32l0xx_hal_dma.o
                0x0000000008001492                HAL_DMA_Abort_IT
 .text.HAL_GPIO_Init
                0x0000000008001520      0x2ec ./Drivers/STM32L0xx_HAL_Driver/Src/stm32l0xx_hal_gpio.o
                0x0000000008001520                HAL_GPIO_Init
 .text.HAL_GPIO_WritePin
                0x000000000800180c       0x3a ./Drivers/STM32L0xx_HAL_Driver/Src/stm32l0xx_hal_gpio.o
                0x000000000800180c                HAL_GPIO_WritePin
 *fill*         0x0000000008001846        0x2 
 .text.HAL_RCC_OscConfig
                0x0000000008001848      0x788 ./Drivers/STM32L0xx_HAL_Driver/Src/stm32l0xx_hal_rcc.o
                0x0000000008001848                HAL_RCC_OscConfig
 .text.HAL_RCC_ClockConfig
                0x0000000008001fd0      0x290 ./Drivers/STM32L0xx_HAL_Driver/Src/stm32l0xx_hal_rcc.o
                0x0000000008001fd0                HAL_RCC_ClockConfig
 .text.HAL_RCC_GetSysClockFreq
                0x0000000008002260      0x14c ./Drivers/STM32L0xx_HAL_Driver/Src/stm32l0xx_hal_rcc.o
                0x0000000008002260                HAL_RCC_GetSysClockFreq
 .text.HAL_RCC_GetHCLKFreq
                0x00000000080023ac       0x14 ./Drivers/STM32L0xx_HAL_Driver/Src/stm32l0xx_hal_rcc.o
                0x00000000080023ac                HAL_RCC_GetHCLKFreq
 .text.HAL_RCC_GetPCLK1Freq
                0x00000000080023c0       0x2c ./Drivers/STM32L0xx_HAL_Driver/Src/stm32l0xx_hal_rcc.o
                0x00000000080023c0                HAL_RCC_GetPCLK1Freq
 .text.HAL_RCC_GetPCLK2Freq
                0x00000000080023ec       0x2c ./Drivers/STM32L0xx_HAL_Driver/Src/stm32l0xx_hal_rcc.o
                0x00000000080023ec                HAL_RCC_GetPCLK2Freq
 .text.HAL_RCC_GetClockConfig
                0x0000000008002418       0x64 ./Drivers/STM32L0xx_HAL_Driver/Src/stm32l0xx_hal_rcc.o
                0x0000000008002418                HAL_RCC_GetClockConfig
 .text.HAL_RCCEx_PeriphCLKConfig
                0x000000000800247c      0x31c ./Drivers/STM32L0xx_HAL_Driver/Src/stm32l0xx_hal_rcc_ex.o
                0x000000000800247c                HAL_RCCEx_PeriphCLKConfig
 .text.HAL_TIM_Base_Init
                0x0000000008002798       0x80 ./Drivers/STM32L0xx_HAL_Driver/Src/stm32l0xx_hal_tim.o
                0x0000000008002798                HAL_TIM_Base_Init
 .text.HAL_TIM_Base_MspInit
                0x0000000008002818       0x10 ./Drivers/STM32L0xx_HAL_Driver/Src/stm32l0xx_hal_tim.o
                0x0000000008002818                HAL_TIM_Base_MspInit
 .text.HAL_TIM_Base_Start_IT
                0x0000000008002828       0x98 ./Drivers/STM32L0xx_HAL_Driver/Src/stm32l0xx_hal_tim.o
                0x0000000008002828                HAL_TIM_Base_Start_IT
 .text.HAL_TIM_IRQHandler
                0x00000000080028c0      0x1d0 ./Drivers/STM32L0xx_HAL_Driver/Src/stm32l0xx_hal_tim.o
                0x00000000080028c0                HAL_TIM_IRQHandler
 .text.HAL_TIM_OC_DelayElapsedCallback
                0x0000000008002a90       0x10 ./Drivers/STM32L0xx_HAL_Driver/Src/stm32l0xx_hal_tim.o
                0x0000000008002a90                HAL_TIM_OC_DelayElapsedCallback
 .text.HAL_TIM_IC_CaptureCallback
                0x0000000008002aa0       0x10 ./Drivers/STM32L0xx_HAL_Driver/Src/stm32l0xx_hal_tim.o
                0x0000000008002aa0                HAL_TIM_IC_CaptureCallback
 .text.HAL_TIM_PWM_PulseFinishedCallback
                0x0000000008002ab0       0x10 ./Drivers/STM32L0xx_HAL_Driver/Src/stm32l0xx_hal_tim.o
                0x0000000008002ab0                HAL_TIM_PWM_PulseFinishedCallback
 .text.HAL_TIM_TriggerCallback
                0x0000000008002ac0       0x10 ./Drivers/STM32L0xx_HAL_Driver/Src/stm32l0xx_hal_tim.o
                0x0000000008002ac0                HAL_TIM_TriggerCallback
 .text.TIM_Base_SetConfig
                0x0000000008002ad0       0xa8 ./Drivers/STM32L0xx_HAL_Driver/Src/stm32l0xx_hal_tim.o
 .text.HAL_UART_Init
                0x0000000008002b78       0xa8 ./Drivers/STM32L0xx_HAL_Driver/Src/stm32l0xx_hal_uart.o
                0x0000000008002b78                HAL_UART_Init
 .text.HAL_UART_Transmit
                0x0000000008002c20      0x13e ./Drivers/STM32L0xx_HAL_Driver/Src/stm32l0xx_hal_uart.o
                0x0000000008002c20                HAL_UART_Transmit
 *fill*         0x0000000008002d5e        0x2 
 .text.HAL_UART_Receive
                0x0000000008002d60      0x1cc ./Drivers/STM32L0xx_HAL_Driver/Src/stm32l0xx_hal_uart.o
                0x0000000008002d60                HAL_UART_Receive
 .text.HAL_UART_Receive_IT
                0x0000000008002f2c       0xbc ./Drivers/STM32L0xx_HAL_Driver/Src/stm32l0xx_hal_uart.o
                0x0000000008002f2c                HAL_UART_Receive_IT
 .text.HAL_UART_IRQHandler
                0x0000000008002fe8      0x5c4 ./Drivers/STM32L0xx_HAL_Driver/Src/stm32l0xx_hal_uart.o
                0x0000000008002fe8                HAL_UART_IRQHandler
 .text.HAL_UART_TxCpltCallback
                0x00000000080035ac       0x10 ./Drivers/STM32L0xx_HAL_Driver/Src/stm32l0xx_hal_uart.o
                0x00000000080035ac                HAL_UART_TxCpltCallback
 .text.HAL_UART_ErrorCallback
                0x00000000080035bc       0x10 ./Drivers/STM32L0xx_HAL_Driver/Src/stm32l0xx_hal_uart.o
                0x00000000080035bc                HAL_UART_ErrorCallback
 .text.HAL_UARTEx_RxEventCallback
                0x00000000080035cc       0x16 ./Drivers/STM32L0xx_HAL_Driver/Src/stm32l0xx_hal_uart.o
                0x00000000080035cc                HAL_UARTEx_RxEventCallback
 *fill*         0x00000000080035e2        0x2 
 .text.UART_SetConfig
                0x00000000080035e4      0x508 ./Drivers/STM32L0xx_HAL_Driver/Src/stm32l0xx_hal_uart.o
                0x00000000080035e4                UART_SetConfig
 .text.UART_AdvFeatureConfig
                0x0000000008003aec      0x168 ./Drivers/STM32L0xx_HAL_Driver/Src/stm32l0xx_hal_uart.o
                0x0000000008003aec                UART_AdvFeatureConfig
 .text.UART_CheckIdleState
                0x0000000008003c54      0x150 ./Drivers/STM32L0xx_HAL_Driver/Src/stm32l0xx_hal_uart.o
                0x0000000008003c54                UART_CheckIdleState
 .text.UART_WaitOnFlagUntilTimeout
                0x0000000008003da4       0xd2 ./Drivers/STM32L0xx_HAL_Driver/Src/stm32l0xx_hal_uart.o
                0x0000000008003da4                UART_WaitOnFlagUntilTimeout
 *fill*         0x0000000008003e76        0x2 
 .text.UART_Start_Receive_IT
                0x0000000008003e78      0x194 ./Drivers/STM32L0xx_HAL_Driver/Src/stm32l0xx_hal_uart.o
                0x0000000008003e78                UART_Start_Receive_IT
 .text.UART_EndRxTransfer
                0x000000000800400c       0xc8 ./Drivers/STM32L0xx_HAL_Driver/Src/stm32l0xx_hal_uart.o
 .text.UART_DMAAbortOnError
                0x00000000080040d4       0x2e ./Drivers/STM32L0xx_HAL_Driver/Src/stm32l0xx_hal_uart.o
 .text.UART_EndTransmit_IT
                0x0000000008004102       0x56 ./Drivers/STM32L0xx_HAL_Driver/Src/stm32l0xx_hal_uart.o
 .text.UART_RxISR_8BIT
                0x0000000008004158      0x1c4 ./Drivers/STM32L0xx_HAL_Driver/Src/stm32l0xx_hal_uart.o
 .text.UART_RxISR_16BIT
                0x000000000800431c      0x1c4 ./Drivers/STM32L0xx_HAL_Driver/Src/stm32l0xx_hal_uart.o
 .text.HAL_UARTEx_WakeupCallback
                0x00000000080044e0       0x10 ./Drivers/STM32L0xx_HAL_Driver/Src/stm32l0xx_hal_uart_ex.o
                0x00000000080044e0                HAL_UARTEx_WakeupCallback
 .text.SVC_Setup
                0x00000000080044f0        0xa ./Middlewares/Third_Party/FreeRTOS/Source/CMSIS_RTOS_V2/cmsis_os2.o
 *fill*         0x00000000080044fa        0x2 
 .text.osKernelInitialize
                0x00000000080044fc       0x58 ./Middlewares/Third_Party/FreeRTOS/Source/CMSIS_RTOS_V2/cmsis_os2.o
                0x00000000080044fc                osKernelInitialize
 .text.osKernelStart
                0x0000000008004554       0x60 ./Middlewares/Third_Party/FreeRTOS/Source/CMSIS_RTOS_V2/cmsis_os2.o
                0x0000000008004554                osKernelStart
 .text.osThreadNew
                0x00000000080045b4      0x148 ./Middlewares/Third_Party/FreeRTOS/Source/CMSIS_RTOS_V2/cmsis_os2.o
                0x00000000080045b4                osThreadNew
 .text.vApplicationGetIdleTaskMemory
                0x00000000080046fc       0x30 ./Middlewares/Third_Party/FreeRTOS/Source/CMSIS_RTOS_V2/cmsis_os2.o
                0x00000000080046fc                vApplicationGetIdleTaskMemory
 .text.vApplicationGetTimerTaskMemory
                0x000000000800472c       0x30 ./Middlewares/Third_Party/FreeRTOS/Source/CMSIS_RTOS_V2/cmsis_os2.o
                0x000000000800472c                vApplicationGetTimerTaskMemory
 .text.vListInitialise
                0x000000000800475c       0x3c ./Middlewares/Third_Party/FreeRTOS/Source/list.o
                0x000000000800475c                vListInitialise
 .text.vListInitialiseItem
                0x0000000008004798       0x16 ./Middlewares/Third_Party/FreeRTOS/Source/list.o
                0x0000000008004798                vListInitialiseItem
 .text.vListInsertEnd
                0x00000000080047ae       0x44 ./Middlewares/Third_Party/FreeRTOS/Source/list.o
                0x00000000080047ae                vListInsertEnd
 .text.vListInsert
                0x00000000080047f2       0x6c ./Middlewares/Third_Party/FreeRTOS/Source/list.o
                0x00000000080047f2                vListInsert
 .text.uxListRemove
                0x000000000800485e       0x50 ./Middlewares/Third_Party/FreeRTOS/Source/list.o
                0x000000000800485e                uxListRemove
 .text.xQueueGenericReset
                0x00000000080048ae       0xa8 ./Middlewares/Third_Party/FreeRTOS/Source/queue.o
                0x00000000080048ae                xQueueGenericReset
 .text.xQueueGenericCreateStatic
                0x0000000008004956       0x98 ./Middlewares/Third_Party/FreeRTOS/Source/queue.o
                0x0000000008004956                xQueueGenericCreateStatic
 .text.xQueueGenericCreate
                0x00000000080049ee       0x70 ./Middlewares/Third_Party/FreeRTOS/Source/queue.o
                0x00000000080049ee                xQueueGenericCreate
 .text.prvInitialiseNewQueue
                0x0000000008004a5e       0x4e ./Middlewares/Third_Party/FreeRTOS/Source/queue.o
 .text.prvInitialiseMutex
                0x0000000008004aac       0x34 ./Middlewares/Third_Party/FreeRTOS/Source/queue.o
 .text.xQueueCreateMutex
                0x0000000008004ae0       0x38 ./Middlewares/Third_Party/FreeRTOS/Source/queue.o
                0x0000000008004ae0                xQueueCreateMutex
 .text.xQueueGenericSend
                0x0000000008004b18      0x188 ./Middlewares/Third_Party/FreeRTOS/Source/queue.o
                0x0000000008004b18                xQueueGenericSend
 .text.xQueueGenericSendFromISR
                0x0000000008004ca0       0xe2 ./Middlewares/Third_Party/FreeRTOS/Source/queue.o
                0x0000000008004ca0                xQueueGenericSendFromISR
 .text.xQueueReceive
                0x0000000008004d82      0x16a ./Middlewares/Third_Party/FreeRTOS/Source/queue.o
                0x0000000008004d82                xQueueReceive
 .text.xQueueSemaphoreTake
                0x0000000008004eec      0x1b4 ./Middlewares/Third_Party/FreeRTOS/Source/queue.o
                0x0000000008004eec                xQueueSemaphoreTake
 .text.prvGetDisinheritPriorityAfterTimeout
                0x00000000080050a0       0x2c ./Middlewares/Third_Party/FreeRTOS/Source/queue.o
 .text.prvCopyDataToQueue
                0x00000000080050cc       0xd6 ./Middlewares/Third_Party/FreeRTOS/Source/queue.o
 .text.prvCopyDataFromQueue
                0x00000000080051a2       0x4c ./Middlewares/Third_Party/FreeRTOS/Source/queue.o
 .text.prvUnlockQueue
                0x00000000080051ee       0xbc ./Middlewares/Third_Party/FreeRTOS/Source/queue.o
 .text.prvIsQueueEmpty
                0x00000000080052aa       0x2c ./Middlewares/Third_Party/FreeRTOS/Source/queue.o
 .text.prvIsQueueFull
                0x00000000080052d6       0x30 ./Middlewares/Third_Party/FreeRTOS/Source/queue.o
 *fill*         0x0000000008005306        0x2 
 .text.vQueueAddToRegistry
                0x0000000008005308       0x50 ./Middlewares/Third_Party/FreeRTOS/Source/queue.o
                0x0000000008005308                vQueueAddToRegistry
 .text.vQueueWaitForMessageRestricted
                0x0000000008005358       0x66 ./Middlewares/Third_Party/FreeRTOS/Source/queue.o
                0x0000000008005358                vQueueWaitForMessageRestricted
 .text.xTaskCreateStatic
                0x00000000080053be       0x88 ./Middlewares/Third_Party/FreeRTOS/Source/tasks.o
                0x00000000080053be                xTaskCreateStatic
 .text.xTaskCreate
                0x0000000008005446       0x98 ./Middlewares/Third_Party/FreeRTOS/Source/tasks.o
                0x0000000008005446                xTaskCreate
 *fill*         0x00000000080054de        0x2 
 .text.prvInitialiseNewTask
                0x00000000080054e0      0x114 ./Middlewares/Third_Party/FreeRTOS/Source/tasks.o
 .text.prvAddNewTaskToReadyList
                0x00000000080055f4       0xd0 ./Middlewares/Third_Party/FreeRTOS/Source/tasks.o
 .text.vTaskStartScheduler
                0x00000000080056c4       0xa8 ./Middlewares/Third_Party/FreeRTOS/Source/tasks.o
                0x00000000080056c4                vTaskStartScheduler
 .text.vTaskSuspendAll
                0x000000000800576c       0x18 ./Middlewares/Third_Party/FreeRTOS/Source/tasks.o
                0x000000000800576c                vTaskSuspendAll
 .text.xTaskResumeAll
                0x0000000008005784      0x118 ./Middlewares/Third_Party/FreeRTOS/Source/tasks.o
                0x0000000008005784                xTaskResumeAll
 .text.xTaskGetTickCount
                0x000000000800589c       0x1c ./Middlewares/Third_Party/FreeRTOS/Source/tasks.o
                0x000000000800589c                xTaskGetTickCount
 .text.xTaskIncrementTick
                0x00000000080058b8      0x160 ./Middlewares/Third_Party/FreeRTOS/Source/tasks.o
                0x00000000080058b8                xTaskIncrementTick
 .text.vTaskSwitchContext
                0x0000000008005a18       0xa4 ./Middlewares/Third_Party/FreeRTOS/Source/tasks.o
                0x0000000008005a18                vTaskSwitchContext
 .text.vTaskPlaceOnEventList
                0x0000000008005abc       0x3c ./Middlewares/Third_Party/FreeRTOS/Source/tasks.o
                0x0000000008005abc                vTaskPlaceOnEventList
 .text.vTaskPlaceOnEventListRestricted
                0x0000000008005af8       0x4c ./Middlewares/Third_Party/FreeRTOS/Source/tasks.o
                0x0000000008005af8                vTaskPlaceOnEventListRestricted
 .text.xTaskRemoveFromEventList
                0x0000000008005b44       0xb8 ./Middlewares/Third_Party/FreeRTOS/Source/tasks.o
                0x0000000008005b44                xTaskRemoveFromEventList
 .text.vTaskInternalSetTimeOutState
                0x0000000008005bfc       0x28 ./Middlewares/Third_Party/FreeRTOS/Source/tasks.o
                0x0000000008005bfc                vTaskInternalSetTimeOutState
 .text.xTaskCheckForTimeOut
                0x0000000008005c24       0xa0 ./Middlewares/Third_Party/FreeRTOS/Source/tasks.o
                0x0000000008005c24                xTaskCheckForTimeOut
 .text.vTaskMissedYield
                0x0000000008005cc4       0x14 ./Middlewares/Third_Party/FreeRTOS/Source/tasks.o
                0x0000000008005cc4                vTaskMissedYield
 .text.prvIdleTask
                0x0000000008005cd8       0x20 ./Middlewares/Third_Party/FreeRTOS/Source/tasks.o
 .text.prvInitialiseTaskLists
                0x0000000008005cf8       0x88 ./Middlewares/Third_Party/FreeRTOS/Source/tasks.o
 .text.prvCheckTasksWaitingTermination
                0x0000000008005d80       0x5c ./Middlewares/Third_Party/FreeRTOS/Source/tasks.o
 .text.prvDeleteTCB
                0x0000000008005ddc       0x50 ./Middlewares/Third_Party/FreeRTOS/Source/tasks.o
 .text.prvResetNextTaskUnblockTime
                0x0000000008005e2c       0x3c ./Middlewares/Third_Party/FreeRTOS/Source/tasks.o
 .text.xTaskGetSchedulerState
                0x0000000008005e68       0x38 ./Middlewares/Third_Party/FreeRTOS/Source/tasks.o
                0x0000000008005e68                xTaskGetSchedulerState
 .text.xTaskPriorityInherit
                0x0000000008005ea0       0xd0 ./Middlewares/Third_Party/FreeRTOS/Source/tasks.o
                0x0000000008005ea0                xTaskPriorityInherit
 .text.xTaskPriorityDisinherit
                0x0000000008005f70       0xb8 ./Middlewares/Third_Party/FreeRTOS/Source/tasks.o
                0x0000000008005f70                xTaskPriorityDisinherit
 .text.vTaskPriorityDisinheritAfterTimeout
                0x0000000008006028       0xe0 ./Middlewares/Third_Party/FreeRTOS/Source/tasks.o
                0x0000000008006028                vTaskPriorityDisinheritAfterTimeout
 .text.pvTaskIncrementMutexHeldCount
                0x0000000008006108       0x24 ./Middlewares/Third_Party/FreeRTOS/Source/tasks.o
                0x0000000008006108                pvTaskIncrementMutexHeldCount
 .text.prvAddCurrentTaskToDelayedList
                0x000000000800612c       0xa8 ./Middlewares/Third_Party/FreeRTOS/Source/tasks.o
 .text.xTimerCreateTimerTask
                0x00000000080061d4       0x7c ./Middlewares/Third_Party/FreeRTOS/Source/timers.o
                0x00000000080061d4                xTimerCreateTimerTask
 .text.xTimerGenericCommand
                0x0000000008006250       0x94 ./Middlewares/Third_Party/FreeRTOS/Source/timers.o
                0x0000000008006250                xTimerGenericCommand
 .text.prvProcessExpiredTimer
                0x00000000080062e4       0x88 ./Middlewares/Third_Party/FreeRTOS/Source/timers.o
 .text.prvTimerTask
                0x000000000800636c       0x28 ./Middlewares/Third_Party/FreeRTOS/Source/timers.o
 .text.prvProcessTimerOrBlockTask
                0x0000000008006394       0x90 ./Middlewares/Third_Party/FreeRTOS/Source/timers.o
 .text.prvGetNextExpireTime
                0x0000000008006424       0x44 ./Middlewares/Third_Party/FreeRTOS/Source/timers.o
 .text.prvSampleTimeNow
                0x0000000008006468       0x40 ./Middlewares/Third_Party/FreeRTOS/Source/timers.o
 .text.prvInsertTimerInActiveList
                0x00000000080064a8       0x84 ./Middlewares/Third_Party/FreeRTOS/Source/timers.o
 .text.prvProcessReceivedCommands
                0x000000000800652c      0x18c ./Middlewares/Third_Party/FreeRTOS/Source/timers.o
 .text.prvSwitchTimerLists
                0x00000000080066b8       0xbc ./Middlewares/Third_Party/FreeRTOS/Source/timers.o
 .text.prvCheckForValidListAndQueue
                0x0000000008006774       0x84 ./Middlewares/Third_Party/FreeRTOS/Source/timers.o
 .text.pxPortInitialiseStack
                0x00000000080067f8       0x54 ./Middlewares/Third_Party/FreeRTOS/Source/portable/GCC/ARM_CM0/port.o
                0x00000000080067f8                pxPortInitialiseStack
 .text.prvTaskExitError
                0x000000000800684c       0x30 ./Middlewares/Third_Party/FreeRTOS/Source/portable/GCC/ARM_CM0/port.o
 .text.SVC_Handler
                0x000000000800687c        0xa ./Middlewares/Third_Party/FreeRTOS/Source/portable/GCC/ARM_CM0/port.o
                0x000000000800687c                SVC_Handler
 *fill*         0x0000000008006886        0xa 
 .text.vPortStartFirstTask
                0x0000000008006890       0x38 ./Middlewares/Third_Party/FreeRTOS/Source/portable/GCC/ARM_CM0/port.o
 .text.xPortStartScheduler
                0x00000000080068c8       0x48 ./Middlewares/Third_Party/FreeRTOS/Source/portable/GCC/ARM_CM0/port.o
                0x00000000080068c8                xPortStartScheduler
 .text.vPortYield
                0x0000000008006910       0x20 ./Middlewares/Third_Party/FreeRTOS/Source/portable/GCC/ARM_CM0/port.o
                0x0000000008006910                vPortYield
 .text.vPortEnterCritical
                0x0000000008006930       0x24 ./Middlewares/Third_Party/FreeRTOS/Source/portable/GCC/ARM_CM0/port.o
                0x0000000008006930                vPortEnterCritical
 .text.vPortExitCritical
                0x0000000008006954       0x30 ./Middlewares/Third_Party/FreeRTOS/Source/portable/GCC/ARM_CM0/port.o
                0x0000000008006954                vPortExitCritical
 .text.ulSetInterruptMaskFromISR
                0x0000000008006984        0xc ./Middlewares/Third_Party/FreeRTOS/Source/portable/GCC/ARM_CM0/port.o
                0x0000000008006984                ulSetInterruptMaskFromISR
 .text.vClearInterruptMaskFromISR
                0x0000000008006990        0x8 ./Middlewares/Third_Party/FreeRTOS/Source/portable/GCC/ARM_CM0/port.o
                0x0000000008006990                vClearInterruptMaskFromISR
 *fill*         0x0000000008006998        0x8 
 .text.PendSV_Handler
                0x00000000080069a0       0x48 ./Middlewares/Third_Party/FreeRTOS/Source/portable/GCC/ARM_CM0/port.o
                0x00000000080069a0                PendSV_Handler
 .text.SysTick_Handler
                0x00000000080069e8       0x34 ./Middlewares/Third_Party/FreeRTOS/Source/portable/GCC/ARM_CM0/port.o
                0x00000000080069e8                SysTick_Handler
 .text.prvSetupTimerInterrupt
                0x0000000008006a1c       0x44 ./Middlewares/Third_Party/FreeRTOS/Source/portable/GCC/ARM_CM0/port.o
 .text.pvPortMalloc
                0x0000000008006a60      0x14c ./Middlewares/Third_Party/FreeRTOS/Source/portable/MemMang/heap_4.o
                0x0000000008006a60                pvPortMalloc
 .text.vPortFree
                0x0000000008006bac       0x90 ./Middlewares/Third_Party/FreeRTOS/Source/portable/MemMang/heap_4.o
                0x0000000008006bac                vPortFree
 .text.prvHeapInit
                0x0000000008006c3c       0xc0 ./Middlewares/Third_Party/FreeRTOS/Source/portable/MemMang/heap_4.o
 .text.prvInsertBlockIntoFreeList
                0x0000000008006cfc       0xb0 ./Middlewares/Third_Party/FreeRTOS/Source/portable/MemMang/heap_4.o
 .text.shellInit
                0x0000000008006dac      0x104 ./letter-shell-master/shell.o
                0x0000000008006dac                shellInit
 .text.shellAdd
                0x0000000008006eb0       0x5c ./letter-shell-master/shell.o
 .text.shellGetCurrent
                0x0000000008006f0c       0x70 ./letter-shell-master/shell.o
                0x0000000008006f0c                shellGetCurrent
 .text.shellWriteByte
                0x0000000008006f7c       0x22 ./letter-shell-master/shell.o
 .text.shellWriteString
                0x0000000008006f9e       0x56 ./letter-shell-master/shell.o
                0x0000000008006f9e                shellWriteString
 .text.shellWriteCommandDesc
                0x0000000008006ff4       0x9c ./letter-shell-master/shell.o
 .text.shellWritePrompt
                0x0000000008007090       0xa0 ./letter-shell-master/shell.o
 .text.shellCheckPermission
                0x0000000008007130       0x68 ./letter-shell-master/shell.o
                0x0000000008007130                shellCheckPermission
 .text.shellToHex
                0x0000000008007198       0x80 ./letter-shell-master/shell.o
                0x0000000008007198                shellToHex
 .text.shellToDec
                0x0000000008007218       0xba ./letter-shell-master/shell.o
                0x0000000008007218                shellToDec
 .text.shellStringCopy
                0x00000000080072d2       0x5c ./letter-shell-master/shell.o
 .text.shellStringCompare
                0x000000000800732e       0x7c ./letter-shell-master/shell.o
 *fill*         0x00000000080073aa        0x2 
 .text.shellGetCommandName
                0x00000000080073ac       0x8c ./letter-shell-master/shell.o
 .text.shellGetCommandDesc
                0x0000000008007438       0x50 ./letter-shell-master/shell.o
 .text.shellListItem
                0x0000000008007488      0x18c ./letter-shell-master/shell.o
                0x0000000008007488                shellListItem
 .text.shellListCommand
                0x0000000008007614       0xa4 ./letter-shell-master/shell.o
                0x0000000008007614                shellListCommand
 .text.shellListVar
                0x00000000080076b8       0xbc ./letter-shell-master/shell.o
                0x00000000080076b8                shellListVar
 .text.shellListUser
                0x0000000008007774       0xbc ./letter-shell-master/shell.o
                0x0000000008007774                shellListUser
 .text.shellListKey
                0x0000000008007830       0xbc ./letter-shell-master/shell.o
                0x0000000008007830                shellListKey
 .text.shellListAll
                0x00000000080078ec       0x20 ./letter-shell-master/shell.o
                0x00000000080078ec                shellListAll
 .text.shellDeleteCommandLine
                0x000000000800790c       0x38 ./letter-shell-master/shell.o
                0x000000000800790c                shellDeleteCommandLine
 .text.shellClearCommandLine
                0x0000000008007944       0x5c ./letter-shell-master/shell.o
                0x0000000008007944                shellClearCommandLine
 .text.shellInsertByte
                0x00000000080079a0      0x1f0 ./letter-shell-master/shell.o
                0x00000000080079a0                shellInsertByte
 .text.shellDeleteByte
                0x0000000008007b90      0x1d2 ./letter-shell-master/shell.o
                0x0000000008007b90                shellDeleteByte
 *fill*         0x0000000008007d62        0x2 
 .text.shellSplit
                0x0000000008007d64      0x258 ./letter-shell-master/shell.o
                0x0000000008007d64                shellSplit
 .text.shellParserParam
                0x0000000008007fbc       0x30 ./letter-shell-master/shell.o
 .text.shellRemoveParamQuotes
                0x0000000008007fec       0xe0 ./letter-shell-master/shell.o
 .text.shellSeekCommand
                0x00000000080080cc       0xe6 ./letter-shell-master/shell.o
                0x00000000080080cc                shellSeekCommand
 *fill*         0x00000000080081b2        0x2 
 .text.shellGetVarValue
                0x00000000080081b4       0x84 ./letter-shell-master/shell.o
                0x00000000080081b4                shellGetVarValue
 .text.shellSetVarValue
                0x0000000008008238       0xe8 ./letter-shell-master/shell.o
                0x0000000008008238                shellSetVarValue
 .text.shellShowVar
                0x0000000008008320      0x120 ./letter-shell-master/shell.o
 .text.shellSetVar
                0x0000000008008440       0x9c ./letter-shell-master/shell.o
                0x0000000008008440                shellSetVar
 .text.shellRunCommand
                0x00000000080084dc      0x102 ./letter-shell-master/shell.o
                0x00000000080084dc                shellRunCommand
 *fill*         0x00000000080085de        0x2 
 .text.shellCheckPassword
                0x00000000080085e0       0x60 ./letter-shell-master/shell.o
 .text.shellSetUser
                0x0000000008008640       0x9c ./letter-shell-master/shell.o
                0x0000000008008640                shellSetUser
 .text.shellWriteReturnValue
                0x00000000080086dc       0xc8 ./letter-shell-master/shell.o
 .text.shellHistoryAdd
                0x00000000080087a4       0xbc ./letter-shell-master/shell.o
 .text.shellHistory
                0x0000000008008860      0x12c ./letter-shell-master/shell.o
 .text.shellNormalInput
                0x000000000800898c       0x30 ./letter-shell-master/shell.o
                0x000000000800898c                shellNormalInput
 .text.shellExec
                0x00000000080089bc       0xb8 ./letter-shell-master/shell.o
                0x00000000080089bc                shellExec
 .text.shellUp  0x0000000008008a74       0x1a ./letter-shell-master/shell.o
                0x0000000008008a74                shellUp
 .text.shellDown
                0x0000000008008a8e       0x1e ./letter-shell-master/shell.o
                0x0000000008008a8e                shellDown
 .text.shellRight
                0x0000000008008aac       0x3a ./letter-shell-master/shell.o
                0x0000000008008aac                shellRight
 .text.shellLeft
                0x0000000008008ae6       0x2e ./letter-shell-master/shell.o
                0x0000000008008ae6                shellLeft
 .text.shellTab
                0x0000000008008b14      0x224 ./letter-shell-master/shell.o
                0x0000000008008b14                shellTab
 .text.shellBackspace
                0x0000000008008d38       0x1a ./letter-shell-master/shell.o
                0x0000000008008d38                shellBackspace
 .text.shellDelete
                0x0000000008008d52       0x1e ./letter-shell-master/shell.o
                0x0000000008008d52                shellDelete
 .text.shellEnter
                0x0000000008008d70       0x22 ./letter-shell-master/shell.o
                0x0000000008008d70                shellEnter
 *fill*         0x0000000008008d92        0x2 
 .text.shellWriteCommandHelp
                0x0000000008008d94       0x90 ./letter-shell-master/shell.o
 .text.shellHelp
                0x0000000008008e24       0x44 ./letter-shell-master/shell.o
                0x0000000008008e24                shellHelp
 .text.shellHandler
                0x0000000008008e68      0x1d4 ./letter-shell-master/shell.o
                0x0000000008008e68                shellHandler
 .text.shellUsers
                0x000000000800903c       0x24 ./letter-shell-master/shell.o
                0x000000000800903c                shellUsers
 .text.shellCmds
                0x0000000008009060       0x24 ./letter-shell-master/shell.o
                0x0000000008009060                shellCmds
 .text.shellVars
                0x0000000008009084       0x24 ./letter-shell-master/shell.o
                0x0000000008009084                shellVars
 .text.shellKeys
                0x00000000080090a8       0x24 ./letter-shell-master/shell.o
                0x00000000080090a8                shellKeys
 .text.shellClear
                0x00000000080090cc       0x30 ./letter-shell-master/shell.o
                0x00000000080090cc                shellClear
 .text.shellExtNumType
                0x00000000080090fc       0xa8 ./letter-shell-master/shell_ext.o
 .text.shellExtToNum
                0x00000000080091a4       0x64 ./letter-shell-master/shell_ext.o
 .text.shellExtParseChar
                0x0000000008009208       0x9e ./letter-shell-master/shell_ext.o
 .text.shellExtParseString
                0x00000000080092a6       0xa8 ./letter-shell-master/shell_ext.o
 .text.shellExtParseNumber
                0x000000000800934e      0x186 ./letter-shell-master/shell_ext.o
 .text.shellExtParseVar
                0x00000000080094d4       0x3e ./letter-shell-master/shell_ext.o
 .text.shellExtParsePara
                0x0000000008009512       0xc6 ./letter-shell-master/shell_ext.o
                0x0000000008009512                shellExtParsePara
 .text.shellExtRun
                0x00000000080095d8      0x1c8 ./letter-shell-master/shell_ext.o
                0x00000000080095d8                shellExtRun
 .text.userShellWrite
                0x00000000080097a0       0x34 ./letter-shell-master/shell_port.o
                0x00000000080097a0                userShellWrite
 .text.userShellRead
                0x00000000080097d4       0x38 ./letter-shell-master/shell_port.o
                0x00000000080097d4                userShellRead
 .text.userShellLock
                0x000000000800980c       0x28 ./letter-shell-master/shell_port.o
                0x000000000800980c                userShellLock
 .text.userShellUnlock
                0x0000000008009834       0x24 ./letter-shell-master/shell_port.o
                0x0000000008009834                userShellUnlock
 .text.userShellInit
                0x0000000008009858       0x58 ./letter-shell-master/shell_port.o
                0x0000000008009858                userShellInit
 .text.memset   0x00000000080098b0       0x10 D:/STM32CubeIDE_1.13.0/STM32CubeIDE/plugins/com.st.stm32cube.ide.mcu.externaltools.gnu-tools-for-stm32.11.3.rel1.win32_1.1.0.202305231506/tools/bin/../lib/gcc/arm-none-eabi/11.3.1/../../../../arm-none-eabi/lib/thumb/v6-m/nofp\libc_nano.a(libc_a-memset.o)
                0x00000000080098b0                memset
 .text.strncmp  0x00000000080098c0       0x22 D:/STM32CubeIDE_1.13.0/STM32CubeIDE/plugins/com.st.stm32cube.ide.mcu.externaltools.gnu-tools-for-stm32.11.3.rel1.win32_1.1.0.202305231506/tools/bin/../lib/gcc/arm-none-eabi/11.3.1/../../../../arm-none-eabi/lib/thumb/v6-m/nofp\libc_nano.a(libc_a-strncmp.o)
                0x00000000080098c0                strncmp
 *fill*         0x00000000080098e2        0x2 
 .text.__libc_init_array
                0x00000000080098e4       0x48 D:/STM32CubeIDE_1.13.0/STM32CubeIDE/plugins/com.st.stm32cube.ide.mcu.externaltools.gnu-tools-for-stm32.11.3.rel1.win32_1.1.0.202305231506/tools/bin/../lib/gcc/arm-none-eabi/11.3.1/../../../../arm-none-eabi/lib/thumb/v6-m/nofp\libc_nano.a(libc_a-init.o)
                0x00000000080098e4                __libc_init_array
 .text.memcpy   0x000000000800992c       0x12 D:/STM32CubeIDE_1.13.0/STM32CubeIDE/plugins/com.st.stm32cube.ide.mcu.externaltools.gnu-tools-for-stm32.11.3.rel1.win32_1.1.0.202305231506/tools/bin/../lib/gcc/arm-none-eabi/11.3.1/../../../../arm-none-eabi/lib/thumb/v6-m/nofp\libc_nano.a(libc_a-memcpy-stub.o)
                0x000000000800992c                memcpy
 *(.glue_7)
 .glue_7        0x000000000800993e        0x0 linker stubs
 *(.glue_7t)
 .glue_7t       0x000000000800993e        0x0 linker stubs
 *(.eh_frame)
 *fill*         0x000000000800993e        0x2 
 .eh_frame      0x0000000008009940        0x0 D:/STM32CubeIDE_1.13.0/STM32CubeIDE/plugins/com.st.stm32cube.ide.mcu.externaltools.gnu-tools-for-stm32.11.3.rel1.win32_1.1.0.202305231506/tools/bin/../lib/gcc/arm-none-eabi/11.3.1/thumb/v6-m/nofp/crtbegin.o
 *(.init)
 .init          0x0000000008009940        0x4 D:/STM32CubeIDE_1.13.0/STM32CubeIDE/plugins/com.st.stm32cube.ide.mcu.externaltools.gnu-tools-for-stm32.11.3.rel1.win32_1.1.0.202305231506/tools/bin/../lib/gcc/arm-none-eabi/11.3.1/thumb/v6-m/nofp/crti.o
                0x0000000008009940                _init
 .init          0x0000000008009944        0x8 D:/STM32CubeIDE_1.13.0/STM32CubeIDE/plugins/com.st.stm32cube.ide.mcu.externaltools.gnu-tools-for-stm32.11.3.rel1.win32_1.1.0.202305231506/tools/bin/../lib/gcc/arm-none-eabi/11.3.1/thumb/v6-m/nofp/crtn.o
 *(.fini)
 .fini          0x000000000800994c        0x4 D:/STM32CubeIDE_1.13.0/STM32CubeIDE/plugins/com.st.stm32cube.ide.mcu.externaltools.gnu-tools-for-stm32.11.3.rel1.win32_1.1.0.202305231506/tools/bin/../lib/gcc/arm-none-eabi/11.3.1/thumb/v6-m/nofp/crti.o
                0x000000000800994c                _fini
 .fini          0x0000000008009950        0x8 D:/STM32CubeIDE_1.13.0/STM32CubeIDE/plugins/com.st.stm32cube.ide.mcu.externaltools.gnu-tools-for-stm32.11.3.rel1.win32_1.1.0.202305231506/tools/bin/../lib/gcc/arm-none-eabi/11.3.1/thumb/v6-m/nofp/crtn.o
                0x0000000008009958                . = ALIGN (0x4)
                0x0000000008009958                _etext = .

.vfp11_veneer   0x0000000008009958        0x0
 .vfp11_veneer  0x0000000008009958        0x0 linker stubs

.v4_bx          0x0000000008009958        0x0
 .v4_bx         0x0000000008009958        0x0 linker stubs

.iplt           0x0000000008009958        0x0
 .iplt          0x0000000008009958        0x0 D:/STM32CubeIDE_1.13.0/STM32CubeIDE/plugins/com.st.stm32cube.ide.mcu.externaltools.gnu-tools-for-stm32.11.3.rel1.win32_1.1.0.202305231506/tools/bin/../lib/gcc/arm-none-eabi/11.3.1/thumb/v6-m/nofp/crtbegin.o

.rodata         0x0000000008009958      0x720
                0x0000000008009958                . = ALIGN (0x4)
 *(.rodata)
 .rodata        0x0000000008009958       0x15 ./Core/Src/freertos.o
 *fill*         0x000000000800996d        0x3 
 .rodata        0x0000000008009970        0x5 ./Middlewares/Third_Party/FreeRTOS/Source/tasks.o
 *fill*         0x0000000008009975        0x3 
 .rodata        0x0000000008009978        0xd ./Middlewares/Third_Party/FreeRTOS/Source/timers.o
 *fill*         0x0000000008009985        0x3 
 .rodata        0x0000000008009988      0x2ed ./letter-shell-master/shell.o
 *fill*         0x0000000008009c75        0x3 
 .rodata        0x0000000008009c78       0x80 D:/STM32CubeIDE_1.13.0/STM32CubeIDE/plugins/com.st.stm32cube.ide.mcu.externaltools.gnu-tools-for-stm32.11.3.rel1.win32_1.1.0.202305231506/tools/bin/../lib/gcc/arm-none-eabi/11.3.1/thumb/v6-m/nofp\libgcc.a(divsf3.o)
 *(.rodata*)
 .rodata.defaultTask_attributes
                0x0000000008009cf8       0x24 ./Core/Src/freertos.o
                0x0000000008009cf8                defaultTask_attributes
 .rodata.myTask02_attributes
                0x0000000008009d1c       0x24 ./Core/Src/freertos.o
                0x0000000008009d1c                myTask02_attributes
 .rodata.shellCmdLED_ON
                0x0000000008009d40        0x7 ./Core/Src/freertos.o
                0x0000000008009d40                shellCmdLED_ON
 *fill*         0x0000000008009d47        0x1 
 .rodata.shellDescLED_ON
                0x0000000008009d48        0x7 ./Core/Src/freertos.o
                0x0000000008009d48                shellDescLED_ON
 *fill*         0x0000000008009d4f        0x1 
 .rodata.AHBPrescTable
                0x0000000008009d50       0x10 ./Core/Src/system_stm32l0xx.o
                0x0000000008009d50                AHBPrescTable
 .rodata.APBPrescTable
                0x0000000008009d60        0x8 ./Core/Src/system_stm32l0xx.o
                0x0000000008009d60                APBPrescTable
 .rodata.PLLMulTable
                0x0000000008009d68        0x9 ./Core/Src/system_stm32l0xx.o
                0x0000000008009d68                PLLMulTable
 *fill*         0x0000000008009d71        0x3 
 .rodata.UART_SetConfig
                0x0000000008009d74       0x48 ./Drivers/STM32L0xx_HAL_Driver/Src/stm32l0xx_hal_uart.o
 .rodata.prvProcessReceivedCommands
                0x0000000008009dbc       0x28 ./Middlewares/Third_Party/FreeRTOS/Source/timers.o
 .rodata.shellCmdDefaultUser
                0x0000000008009de4        0x7 ./letter-shell-master/shell.o
                0x0000000008009de4                shellCmdDefaultUser
 *fill*         0x0000000008009deb        0x1 
 .rodata.shellPasswordDefaultUser
                0x0000000008009dec        0x1 ./letter-shell-master/shell.o
                0x0000000008009dec                shellPasswordDefaultUser
 *fill*         0x0000000008009ded        0x3 
 .rodata.shellDesDefaultUser
                0x0000000008009df0        0xd ./letter-shell-master/shell.o
                0x0000000008009df0                shellDesDefaultUser
 *fill*         0x0000000008009dfd        0x3 
 .rodata.shellGetVarValue
                0x0000000008009e00       0x20 ./letter-shell-master/shell.o
 .rodata.shellSetVarValue
                0x0000000008009e20       0x20 ./letter-shell-master/shell.o
 .rodata.shellCmdsetVar
                0x0000000008009e40        0x7 ./letter-shell-master/shell.o
                0x0000000008009e40                shellCmdsetVar
 *fill*         0x0000000008009e47        0x1 
 .rodata.shellDescsetVar
                0x0000000008009e48        0x8 ./letter-shell-master/shell.o
                0x0000000008009e48                shellDescsetVar
 .rodata.shellDesc0x1B5B4100
                0x0000000008009e50        0x3 ./letter-shell-master/shell.o
                0x0000000008009e50                shellDesc0x1B5B4100
 *fill*         0x0000000008009e53        0x1 
 .rodata.shellDesc0x1B5B4200
                0x0000000008009e54        0x5 ./letter-shell-master/shell.o
                0x0000000008009e54                shellDesc0x1B5B4200
 *fill*         0x0000000008009e59        0x3 
 .rodata.shellDesc0x1B5B4300
                0x0000000008009e5c        0x6 ./letter-shell-master/shell.o
                0x0000000008009e5c                shellDesc0x1B5B4300
 *fill*         0x0000000008009e62        0x2 
 .rodata.shellDesc0x1B5B4400
                0x0000000008009e64        0x5 ./letter-shell-master/shell.o
                0x0000000008009e64                shellDesc0x1B5B4400
 *fill*         0x0000000008009e69        0x3 
 .rodata.shellDesc0x09000000
                0x0000000008009e6c        0x4 ./letter-shell-master/shell.o
                0x0000000008009e6c                shellDesc0x09000000
 .rodata.shellDesc0x08000000
                0x0000000008009e70        0xa ./letter-shell-master/shell.o
                0x0000000008009e70                shellDesc0x08000000
 *fill*         0x0000000008009e7a        0x2 
 .rodata.shellDesc0x7F000000
                0x0000000008009e7c        0xa ./letter-shell-master/shell.o
                0x0000000008009e7c                shellDesc0x7F000000
 *fill*         0x0000000008009e86        0x2 
 .rodata.shellDesc0x1B5B337E
                0x0000000008009e88        0x7 ./letter-shell-master/shell.o
                0x0000000008009e88                shellDesc0x1B5B337E
 *fill*         0x0000000008009e8f        0x1 
 .rodata.shellDesc0x0D000000
                0x0000000008009e90        0x6 ./letter-shell-master/shell.o
                0x0000000008009e90                shellDesc0x0D000000
 *fill*         0x0000000008009e96        0x2 
 .rodata.shellCmdhelp
                0x0000000008009e98        0x5 ./letter-shell-master/shell.o
                0x0000000008009e98                shellCmdhelp
 *fill*         0x0000000008009e9d        0x3 
 .rodata.shellDeschelp
                0x0000000008009ea0       0x1e ./letter-shell-master/shell.o
                0x0000000008009ea0                shellDeschelp
 *fill*         0x0000000008009ebe        0x2 
 .rodata.shellCmdusers
                0x0000000008009ec0        0x6 ./letter-shell-master/shell.o
                0x0000000008009ec0                shellCmdusers
 *fill*         0x0000000008009ec6        0x2 
 .rodata.shellDescusers
                0x0000000008009ec8        0xe ./letter-shell-master/shell.o
                0x0000000008009ec8                shellDescusers
 *fill*         0x0000000008009ed6        0x2 
 .rodata.shellCmdcmds
                0x0000000008009ed8        0x5 ./letter-shell-master/shell.o
                0x0000000008009ed8                shellCmdcmds
 *fill*         0x0000000008009edd        0x3 
 .rodata.shellDesccmds
                0x0000000008009ee0        0xd ./letter-shell-master/shell.o
                0x0000000008009ee0                shellDesccmds
 *fill*         0x0000000008009eed        0x3 
 .rodata.shellCmdvars
                0x0000000008009ef0        0x5 ./letter-shell-master/shell.o
                0x0000000008009ef0                shellCmdvars
 *fill*         0x0000000008009ef5        0x3 
 .rodata.shellDescvars
                0x0000000008009ef8        0xd ./letter-shell-master/shell.o
                0x0000000008009ef8                shellDescvars
 *fill*         0x0000000008009f05        0x3 
 .rodata.shellCmdkeys
                0x0000000008009f08        0x5 ./letter-shell-master/shell.o
                0x0000000008009f08                shellCmdkeys
 *fill*         0x0000000008009f0d        0x3 
 .rodata.shellDesckeys
                0x0000000008009f10        0xd ./letter-shell-master/shell.o
                0x0000000008009f10                shellDesckeys
 *fill*         0x0000000008009f1d        0x3 
 .rodata.shellCmdclear
                0x0000000008009f20        0x6 ./letter-shell-master/shell.o
                0x0000000008009f20                shellCmdclear
 *fill*         0x0000000008009f26        0x2 
 .rodata.shellDescclear
                0x0000000008009f28        0xe ./letter-shell-master/shell.o
                0x0000000008009f28                shellDescclear
 *fill*         0x0000000008009f36        0x2 
 .rodata.shellExtRun
                0x0000000008009f38       0x20 ./letter-shell-master/shell_ext.o
                0x0000000008009f58                . = ALIGN (0x4)
                0x0000000008009f58                . = ALIGN (0x4)
                0x0000000008009f58                _shell_command_start = .
 *(shellCommand)
 shellCommand   0x0000000008009f58       0x10 ./Core/Src/freertos.o
                0x0000000008009f58                shellCommandLED_ON
 shellCommand   0x0000000008009f68      0x110 ./letter-shell-master/shell.o
                0x0000000008009f68                shellUserDefault
                0x0000000008009f78                shellCommandsetVar
                0x0000000008009f88                shellKey0x1B5B4100
                0x0000000008009f98                shellKey0x1B5B4200
                0x0000000008009fa8                shellKey0x1B5B4300
                0x0000000008009fb8                shellKey0x1B5B4400
                0x0000000008009fc8                shellKey0x09000000
                0x0000000008009fd8                shellKey0x08000000
                0x0000000008009fe8                shellKey0x7F000000
                0x0000000008009ff8                shellKey0x1B5B337E
                0x000000000800a008                shellKey0x0D000000
                0x000000000800a018                shellCommandhelp
                0x000000000800a028                shellCommandusers
                0x000000000800a038                shellCommandcmds
                0x000000000800a048                shellCommandvars
                0x000000000800a058                shellCommandkeys
                0x000000000800a068                shellCommandclear
                0x000000000800a078                _shell_command_end = .
                0x000000000800a078                . = ALIGN (0x4)

.ARM.extab      0x000000000800a078        0x0
                0x000000000800a078                . = ALIGN (0x4)
 *(.ARM.extab* .gnu.linkonce.armextab.*)
                0x000000000800a078                . = ALIGN (0x4)

.ARM            0x000000000800a078        0x8
                0x000000000800a078                . = ALIGN (0x4)
                0x000000000800a078                __exidx_start = .
 *(.ARM.exidx*)
 .ARM.exidx     0x000000000800a078        0x8 D:/STM32CubeIDE_1.13.0/STM32CubeIDE/plugins/com.st.stm32cube.ide.mcu.externaltools.gnu-tools-for-stm32.11.3.rel1.win32_1.1.0.202305231506/tools/bin/../lib/gcc/arm-none-eabi/11.3.1/thumb/v6-m/nofp\libgcc.a(_udivmoddi4.o)
                0x000000000800a080                __exidx_end = .
                0x000000000800a080                . = ALIGN (0x4)

.rel.dyn        0x000000000800a080        0x0
 .rel.iplt      0x000000000800a080        0x0 D:/STM32CubeIDE_1.13.0/STM32CubeIDE/plugins/com.st.stm32cube.ide.mcu.externaltools.gnu-tools-for-stm32.11.3.rel1.win32_1.1.0.202305231506/tools/bin/../lib/gcc/arm-none-eabi/11.3.1/thumb/v6-m/nofp/crtbegin.o

.preinit_array  0x000000000800a080        0x0
                0x000000000800a080                . = ALIGN (0x4)
                0x000000000800a080                PROVIDE (__preinit_array_start = .)
 *(.preinit_array*)
                0x000000000800a080                PROVIDE (__preinit_array_end = .)
                0x000000000800a080                . = ALIGN (0x4)

.init_array     0x000000000800a080        0x4
                0x000000000800a080                . = ALIGN (0x4)
                0x000000000800a080                PROVIDE (__init_array_start = .)
 *(SORT_BY_NAME(.init_array.*))
 *(.init_array*)
 .init_array    0x000000000800a080        0x4 D:/STM32CubeIDE_1.13.0/STM32CubeIDE/plugins/com.st.stm32cube.ide.mcu.externaltools.gnu-tools-for-stm32.11.3.rel1.win32_1.1.0.202305231506/tools/bin/../lib/gcc/arm-none-eabi/11.3.1/thumb/v6-m/nofp/crtbegin.o
                0x000000000800a084                PROVIDE (__init_array_end = .)
                0x000000000800a084                . = ALIGN (0x4)

.fini_array     0x000000000800a084        0x4
                0x000000000800a084                . = ALIGN (0x4)
                [!provide]                        PROVIDE (__fini_array_start = .)
 *(SORT_BY_NAME(.fini_array.*))
 *(.fini_array*)
 .fini_array    0x000000000800a084        0x4 D:/STM32CubeIDE_1.13.0/STM32CubeIDE/plugins/com.st.stm32cube.ide.mcu.externaltools.gnu-tools-for-stm32.11.3.rel1.win32_1.1.0.202305231506/tools/bin/../lib/gcc/arm-none-eabi/11.3.1/thumb/v6-m/nofp/crtbegin.o
                [!provide]                        PROVIDE (__fini_array_end = .)
                0x000000000800a088                . = ALIGN (0x4)
                0x000000000800a088                _sidata = LOADADDR (.data)

.data           0x0000000020000000       0x68 load address 0x000000000800a088
                0x0000000020000000                . = ALIGN (0x4)
                0x0000000020000000                _sdata = .
 *(.data)
 *(.data*)
 .data.SystemCoreClock
                0x0000000020000000        0x4 ./Core/Src/system_stm32l0xx.o
                0x0000000020000000                SystemCoreClock
 .data.uwTickPrio
                0x0000000020000004        0x4 ./Drivers/STM32L0xx_HAL_Driver/Src/stm32l0xx_hal.o
                0x0000000020000004                uwTickPrio
 .data.uwTickFreq
                0x0000000020000008        0x1 ./Drivers/STM32L0xx_HAL_Driver/Src/stm32l0xx_hal.o
                0x0000000020000008                uwTickFreq
 *fill*         0x0000000020000009        0x3 
 .data.uxCriticalNesting
                0x000000002000000c        0x4 ./Middlewares/Third_Party/FreeRTOS/Source/portable/GCC/ARM_CM0/port.o
 .data.shellText
                0x0000000020000010       0x54 ./letter-shell-master/shell.o
 .data.pairedChars
                0x0000000020000064        0x2 ./letter-shell-master/shell.o
                0x0000000020000064                pairedChars
 *(.RamFunc)
 *(.RamFunc*)
                0x0000000020000068                . = ALIGN (0x4)
 *fill*         0x0000000020000066        0x2 
                0x0000000020000068                _edata = .

.igot.plt       0x0000000020000068        0x0 load address 0x000000000800a0f0
 .igot.plt      0x0000000020000068        0x0 D:/STM32CubeIDE_1.13.0/STM32CubeIDE/plugins/com.st.stm32cube.ide.mcu.externaltools.gnu-tools-for-stm32.11.3.rel1.win32_1.1.0.202305231506/tools/bin/../lib/gcc/arm-none-eabi/11.3.1/thumb/v6-m/nofp/crtbegin.o
                0x0000000020000068                . = ALIGN (0x4)

.bss            0x0000000020000068     0x1838 load address 0x000000000800a0f0
                0x0000000020000068                _sbss = .
                0x0000000020000068                __bss_start__ = _sbss
 *(.bss)
 .bss           0x0000000020000068       0x1c D:/STM32CubeIDE_1.13.0/STM32CubeIDE/plugins/com.st.stm32cube.ide.mcu.externaltools.gnu-tools-for-stm32.11.3.rel1.win32_1.1.0.202305231506/tools/bin/../lib/gcc/arm-none-eabi/11.3.1/thumb/v6-m/nofp/crtbegin.o
 *(.bss*)
 .bss.recv_buf  0x0000000020000084        0x1 ./Core/Src/freertos.o
                0x0000000020000084                recv_buf
 *fill*         0x0000000020000085        0x3 
 .bss.defaultTaskHandle
                0x0000000020000088        0x4 ./Core/Src/freertos.o
                0x0000000020000088                defaultTaskHandle
 .bss.myTask02Handle
                0x000000002000008c        0x4 ./Core/Src/freertos.o
                0x000000002000008c                myTask02Handle
 .bss.htim2     0x0000000020000090       0x40 ./Core/Src/stm32l0xx_hal_timebase_tim.o
                0x0000000020000090                htim2
 .bss.huart1    0x00000000200000d0       0x88 ./Core/Src/usart.o
                0x00000000200000d0                huart1
 .bss.uwTick    0x0000000020000158        0x4 ./Drivers/STM32L0xx_HAL_Driver/Src/stm32l0xx_hal.o
                0x0000000020000158                uwTick
 .bss.KernelState
                0x000000002000015c        0x4 ./Middlewares/Third_Party/FreeRTOS/Source/CMSIS_RTOS_V2/cmsis_os2.o
 .bss.Idle_TCB  0x0000000020000160       0x5c ./Middlewares/Third_Party/FreeRTOS/Source/CMSIS_RTOS_V2/cmsis_os2.o
 .bss.Idle_Stack
                0x00000000200001bc      0x200 ./Middlewares/Third_Party/FreeRTOS/Source/CMSIS_RTOS_V2/cmsis_os2.o
 .bss.Timer_TCB
                0x00000000200003bc       0x5c ./Middlewares/Third_Party/FreeRTOS/Source/CMSIS_RTOS_V2/cmsis_os2.o
 .bss.Timer_Stack
                0x0000000020000418      0x400 ./Middlewares/Third_Party/FreeRTOS/Source/CMSIS_RTOS_V2/cmsis_os2.o
 .bss.xQueueRegistry
                0x0000000020000818       0x40 ./Middlewares/Third_Party/FreeRTOS/Source/queue.o
                0x0000000020000818                xQueueRegistry
 .bss.pxCurrentTCB
                0x0000000020000858        0x4 ./Middlewares/Third_Party/FreeRTOS/Source/tasks.o
                0x0000000020000858                pxCurrentTCB
 .bss.pxReadyTasksLists
                0x000000002000085c      0x460 ./Middlewares/Third_Party/FreeRTOS/Source/tasks.o
 .bss.xDelayedTaskList1
                0x0000000020000cbc       0x14 ./Middlewares/Third_Party/FreeRTOS/Source/tasks.o
 .bss.xDelayedTaskList2
                0x0000000020000cd0       0x14 ./Middlewares/Third_Party/FreeRTOS/Source/tasks.o
 .bss.pxDelayedTaskList
                0x0000000020000ce4        0x4 ./Middlewares/Third_Party/FreeRTOS/Source/tasks.o
 .bss.pxOverflowDelayedTaskList
                0x0000000020000ce8        0x4 ./Middlewares/Third_Party/FreeRTOS/Source/tasks.o
 .bss.xPendingReadyList
                0x0000000020000cec       0x14 ./Middlewares/Third_Party/FreeRTOS/Source/tasks.o
 .bss.xTasksWaitingTermination
                0x0000000020000d00       0x14 ./Middlewares/Third_Party/FreeRTOS/Source/tasks.o
 .bss.uxDeletedTasksWaitingCleanUp
                0x0000000020000d14        0x4 ./Middlewares/Third_Party/FreeRTOS/Source/tasks.o
 .bss.xSuspendedTaskList
                0x0000000020000d18       0x14 ./Middlewares/Third_Party/FreeRTOS/Source/tasks.o
 .bss.uxCurrentNumberOfTasks
                0x0000000020000d2c        0x4 ./Middlewares/Third_Party/FreeRTOS/Source/tasks.o
 .bss.xTickCount
                0x0000000020000d30        0x4 ./Middlewares/Third_Party/FreeRTOS/Source/tasks.o
 .bss.uxTopReadyPriority
                0x0000000020000d34        0x4 ./Middlewares/Third_Party/FreeRTOS/Source/tasks.o
 .bss.xSchedulerRunning
                0x0000000020000d38        0x4 ./Middlewares/Third_Party/FreeRTOS/Source/tasks.o
 .bss.uxPendedTicks
                0x0000000020000d3c        0x4 ./Middlewares/Third_Party/FreeRTOS/Source/tasks.o
 .bss.xYieldPending
                0x0000000020000d40        0x4 ./Middlewares/Third_Party/FreeRTOS/Source/tasks.o
 .bss.xNumOfOverflows
                0x0000000020000d44        0x4 ./Middlewares/Third_Party/FreeRTOS/Source/tasks.o
 .bss.uxTaskNumber
                0x0000000020000d48        0x4 ./Middlewares/Third_Party/FreeRTOS/Source/tasks.o
 .bss.xNextTaskUnblockTime
                0x0000000020000d4c        0x4 ./Middlewares/Third_Party/FreeRTOS/Source/tasks.o
 .bss.xIdleTaskHandle
                0x0000000020000d50        0x4 ./Middlewares/Third_Party/FreeRTOS/Source/tasks.o
 .bss.uxSchedulerSuspended
                0x0000000020000d54        0x4 ./Middlewares/Third_Party/FreeRTOS/Source/tasks.o
 .bss.xActiveTimerList1
                0x0000000020000d58       0x14 ./Middlewares/Third_Party/FreeRTOS/Source/timers.o
 .bss.xActiveTimerList2
                0x0000000020000d6c       0x14 ./Middlewares/Third_Party/FreeRTOS/Source/timers.o
 .bss.pxCurrentTimerList
                0x0000000020000d80        0x4 ./Middlewares/Third_Party/FreeRTOS/Source/timers.o
 .bss.pxOverflowTimerList
                0x0000000020000d84        0x4 ./Middlewares/Third_Party/FreeRTOS/Source/timers.o
 .bss.xTimerQueue
                0x0000000020000d88        0x4 ./Middlewares/Third_Party/FreeRTOS/Source/timers.o
 .bss.xTimerTaskHandle
                0x0000000020000d8c        0x4 ./Middlewares/Third_Party/FreeRTOS/Source/timers.o
 .bss.xLastTime.2
                0x0000000020000d90        0x4 ./Middlewares/Third_Party/FreeRTOS/Source/timers.o
 .bss.ucStaticTimerQueueStorage.1
                0x0000000020000d94       0xa0 ./Middlewares/Third_Party/FreeRTOS/Source/timers.o
 .bss.xStaticTimerQueue.0
                0x0000000020000e34       0x50 ./Middlewares/Third_Party/FreeRTOS/Source/timers.o
 .bss.ucHeap    0x0000000020000e84      0x76c ./Middlewares/Third_Party/FreeRTOS/Source/portable/MemMang/heap_4.o
 .bss.xStart    0x00000000200015f0        0x8 ./Middlewares/Third_Party/FreeRTOS/Source/portable/MemMang/heap_4.o
 .bss.pxEnd     0x00000000200015f8        0x4 ./Middlewares/Third_Party/FreeRTOS/Source/portable/MemMang/heap_4.o
 .bss.xFreeBytesRemaining
                0x00000000200015fc        0x4 ./Middlewares/Third_Party/FreeRTOS/Source/portable/MemMang/heap_4.o
 .bss.xMinimumEverFreeBytesRemaining
                0x0000000020001600        0x4 ./Middlewares/Third_Party/FreeRTOS/Source/portable/MemMang/heap_4.o
 .bss.xBlockAllocatedBit
                0x0000000020001604        0x4 ./Middlewares/Third_Party/FreeRTOS/Source/portable/MemMang/heap_4.o
 .bss.shellList
                0x0000000020001608       0x14 ./letter-shell-master/shell.o
 .bss.buffer.0  0x000000002000161c        0x9 ./letter-shell-master/shell.o
 *fill*         0x0000000020001625        0x3 
 .bss.shell     0x0000000020001628       0x74 ./letter-shell-master/shell_port.o
                0x0000000020001628                shell
 .bss.shellBuffer
                0x000000002000169c      0x200 ./letter-shell-master/shell_port.o
                0x000000002000169c                shellBuffer
 .bss.shellMutex
                0x000000002000189c        0x4 ./letter-shell-master/shell_port.o
 *(COMMON)
                0x00000000200018a0                . = ALIGN (0x4)
                0x00000000200018a0                _ebss = .
                0x00000000200018a0                __bss_end__ = _ebss

._user_heap_stack
                0x00000000200018a0      0x600 load address 0x000000000800a0f0
                0x00000000200018a0                . = ALIGN (0x8)
                [!provide]                        PROVIDE (end = .)
                0x00000000200018a0                PROVIDE (_end = .)
                0x0000000020001aa0                . = (. + _Min_Heap_Size)
 *fill*         0x00000000200018a0      0x200 
                0x0000000020001ea0                . = (. + _Min_Stack_Size)
 *fill*         0x0000000020001aa0      0x400 
                0x0000000020001ea0                . = ALIGN (0x8)

/DISCARD/
 libc.a(*)
 libm.a(*)
 libgcc.a(*)

.ARM.attributes
                0x0000000000000000       0x28
 *(.ARM.attributes)
 .ARM.attributes
                0x0000000000000000       0x1e D:/STM32CubeIDE_1.13.0/STM32CubeIDE/plugins/com.st.stm32cube.ide.mcu.externaltools.gnu-tools-for-stm32.11.3.rel1.win32_1.1.0.202305231506/tools/bin/../lib/gcc/arm-none-eabi/11.3.1/thumb/v6-m/nofp/crti.o
 .ARM.attributes
                0x000000000000001e       0x2c D:/STM32CubeIDE_1.13.0/STM32CubeIDE/plugins/com.st.stm32cube.ide.mcu.externaltools.gnu-tools-for-stm32.11.3.rel1.win32_1.1.0.202305231506/tools/bin/../lib/gcc/arm-none-eabi/11.3.1/thumb/v6-m/nofp/crtbegin.o
 .ARM.attributes
                0x000000000000004a       0x2c ./Core/Src/freertos.o
 .ARM.attributes
                0x0000000000000076       0x2c ./Core/Src/gpio.o
 .ARM.attributes
                0x00000000000000a2       0x2c ./Core/Src/main.o
 .ARM.attributes
                0x00000000000000ce       0x2c ./Core/Src/stm32l0xx_hal_msp.o
 .ARM.attributes
                0x00000000000000fa       0x2c ./Core/Src/stm32l0xx_hal_timebase_tim.o
 .ARM.attributes
                0x0000000000000126       0x2c ./Core/Src/stm32l0xx_it.o
 .ARM.attributes
                0x0000000000000152       0x2c ./Core/Src/system_stm32l0xx.o
 .ARM.attributes
                0x000000000000017e       0x2c ./Core/Src/usart.o
 .ARM.attributes
                0x00000000000001aa       0x22 ./Core/Startup/startup_stm32l053r8tx.o
 .ARM.attributes
                0x00000000000001cc       0x2c ./Drivers/STM32L0xx_HAL_Driver/Src/stm32l0xx_hal.o
 .ARM.attributes
                0x00000000000001f8       0x2c ./Drivers/STM32L0xx_HAL_Driver/Src/stm32l0xx_hal_cortex.o
 .ARM.attributes
                0x0000000000000224       0x2c ./Drivers/STM32L0xx_HAL_Driver/Src/stm32l0xx_hal_dma.o
 .ARM.attributes
                0x0000000000000250       0x2c ./Drivers/STM32L0xx_HAL_Driver/Src/stm32l0xx_hal_gpio.o
 .ARM.attributes
                0x000000000000027c       0x2c ./Drivers/STM32L0xx_HAL_Driver/Src/stm32l0xx_hal_rcc.o
 .ARM.attributes
                0x00000000000002a8       0x2c ./Drivers/STM32L0xx_HAL_Driver/Src/stm32l0xx_hal_rcc_ex.o
 .ARM.attributes
                0x00000000000002d4       0x2c ./Drivers/STM32L0xx_HAL_Driver/Src/stm32l0xx_hal_tim.o
 .ARM.attributes
                0x0000000000000300       0x2c ./Drivers/STM32L0xx_HAL_Driver/Src/stm32l0xx_hal_uart.o
 .ARM.attributes
                0x000000000000032c       0x2c ./Drivers/STM32L0xx_HAL_Driver/Src/stm32l0xx_hal_uart_ex.o
 .ARM.attributes
                0x0000000000000358       0x2c ./Middlewares/Third_Party/FreeRTOS/Source/CMSIS_RTOS_V2/cmsis_os2.o
 .ARM.attributes
                0x0000000000000384       0x2c ./Middlewares/Third_Party/FreeRTOS/Source/list.o
 .ARM.attributes
                0x00000000000003b0       0x2c ./Middlewares/Third_Party/FreeRTOS/Source/queue.o
 .ARM.attributes
                0x00000000000003dc       0x2c ./Middlewares/Third_Party/FreeRTOS/Source/tasks.o
 .ARM.attributes
                0x0000000000000408       0x2c ./Middlewares/Third_Party/FreeRTOS/Source/timers.o
 .ARM.attributes
                0x0000000000000434       0x2c ./Middlewares/Third_Party/FreeRTOS/Source/portable/GCC/ARM_CM0/port.o
 .ARM.attributes
                0x0000000000000460       0x2c ./Middlewares/Third_Party/FreeRTOS/Source/portable/MemMang/heap_4.o
 .ARM.attributes
                0x000000000000048c       0x2c ./letter-shell-master/shell.o
 .ARM.attributes
                0x00000000000004b8       0x2c ./letter-shell-master/shell_ext.o
 .ARM.attributes
                0x00000000000004e4       0x2c ./letter-shell-master/shell_port.o
 .ARM.attributes
                0x0000000000000510       0x2c D:/STM32CubeIDE_1.13.0/STM32CubeIDE/plugins/com.st.stm32cube.ide.mcu.externaltools.gnu-tools-for-stm32.11.3.rel1.win32_1.1.0.202305231506/tools/bin/../lib/gcc/arm-none-eabi/11.3.1/../../../../arm-none-eabi/lib/thumb/v6-m/nofp\libc_nano.a(libc_a-memset.o)
 .ARM.attributes
                0x000000000000053c       0x2c D:/STM32CubeIDE_1.13.0/STM32CubeIDE/plugins/com.st.stm32cube.ide.mcu.externaltools.gnu-tools-for-stm32.11.3.rel1.win32_1.1.0.202305231506/tools/bin/../lib/gcc/arm-none-eabi/11.3.1/../../../../arm-none-eabi/lib/thumb/v6-m/nofp\libc_nano.a(libc_a-strncmp.o)
 .ARM.attributes
                0x0000000000000568       0x2c D:/STM32CubeIDE_1.13.0/STM32CubeIDE/plugins/com.st.stm32cube.ide.mcu.externaltools.gnu-tools-for-stm32.11.3.rel1.win32_1.1.0.202305231506/tools/bin/../lib/gcc/arm-none-eabi/11.3.1/../../../../arm-none-eabi/lib/thumb/v6-m/nofp\libc_nano.a(libc_a-init.o)
 .ARM.attributes
                0x0000000000000594       0x1c D:/STM32CubeIDE_1.13.0/STM32CubeIDE/plugins/com.st.stm32cube.ide.mcu.externaltools.gnu-tools-for-stm32.11.3.rel1.win32_1.1.0.202305231506/tools/bin/../lib/gcc/arm-none-eabi/11.3.1/../../../../arm-none-eabi/lib/thumb/v6-m/nofp\libc_nano.a(libc_a-strcmp.o)
 .ARM.attributes
                0x00000000000005b0       0x2c D:/STM32CubeIDE_1.13.0/STM32CubeIDE/plugins/com.st.stm32cube.ide.mcu.externaltools.gnu-tools-for-stm32.11.3.rel1.win32_1.1.0.202305231506/tools/bin/../lib/gcc/arm-none-eabi/11.3.1/../../../../arm-none-eabi/lib/thumb/v6-m/nofp\libc_nano.a(libc_a-memcpy-stub.o)
 .ARM.attributes
                0x00000000000005dc       0x1c D:/STM32CubeIDE_1.13.0/STM32CubeIDE/plugins/com.st.stm32cube.ide.mcu.externaltools.gnu-tools-for-stm32.11.3.rel1.win32_1.1.0.202305231506/tools/bin/../lib/gcc/arm-none-eabi/11.3.1/../../../../arm-none-eabi/lib/thumb/v6-m/nofp\libc_nano.a(libc_a-strlen.o)
 .ARM.attributes
                0x00000000000005f8       0x1e D:/STM32CubeIDE_1.13.0/STM32CubeIDE/plugins/com.st.stm32cube.ide.mcu.externaltools.gnu-tools-for-stm32.11.3.rel1.win32_1.1.0.202305231506/tools/bin/../lib/gcc/arm-none-eabi/11.3.1/thumb/v6-m/nofp\libgcc.a(_udivsi3.o)
 .ARM.attributes
                0x0000000000000616       0x1e D:/STM32CubeIDE_1.13.0/STM32CubeIDE/plugins/com.st.stm32cube.ide.mcu.externaltools.gnu-tools-for-stm32.11.3.rel1.win32_1.1.0.202305231506/tools/bin/../lib/gcc/arm-none-eabi/11.3.1/thumb/v6-m/nofp\libgcc.a(_divsi3.o)
 .ARM.attributes
                0x0000000000000634       0x1e D:/STM32CubeIDE_1.13.0/STM32CubeIDE/plugins/com.st.stm32cube.ide.mcu.externaltools.gnu-tools-for-stm32.11.3.rel1.win32_1.1.0.202305231506/tools/bin/../lib/gcc/arm-none-eabi/11.3.1/thumb/v6-m/nofp\libgcc.a(_dvmd_tls.o)
 .ARM.attributes
                0x0000000000000652       0x1e D:/STM32CubeIDE_1.13.0/STM32CubeIDE/plugins/com.st.stm32cube.ide.mcu.externaltools.gnu-tools-for-stm32.11.3.rel1.win32_1.1.0.202305231506/tools/bin/../lib/gcc/arm-none-eabi/11.3.1/thumb/v6-m/nofp\libgcc.a(_aeabi_uldivmod.o)
 .ARM.attributes
                0x0000000000000670       0x2c D:/STM32CubeIDE_1.13.0/STM32CubeIDE/plugins/com.st.stm32cube.ide.mcu.externaltools.gnu-tools-for-stm32.11.3.rel1.win32_1.1.0.202305231506/tools/bin/../lib/gcc/arm-none-eabi/11.3.1/thumb/v6-m/nofp\libgcc.a(_muldi3.o)
 .ARM.attributes
                0x000000000000069c       0x2c D:/STM32CubeIDE_1.13.0/STM32CubeIDE/plugins/com.st.stm32cube.ide.mcu.externaltools.gnu-tools-for-stm32.11.3.rel1.win32_1.1.0.202305231506/tools/bin/../lib/gcc/arm-none-eabi/11.3.1/thumb/v6-m/nofp\libgcc.a(_udivmoddi4.o)
 .ARM.attributes
                0x00000000000006c8       0x2c D:/STM32CubeIDE_1.13.0/STM32CubeIDE/plugins/com.st.stm32cube.ide.mcu.externaltools.gnu-tools-for-stm32.11.3.rel1.win32_1.1.0.202305231506/tools/bin/../lib/gcc/arm-none-eabi/11.3.1/thumb/v6-m/nofp\libgcc.a(divsf3.o)
 .ARM.attributes
                0x00000000000006f4       0x2c D:/STM32CubeIDE_1.13.0/STM32CubeIDE/plugins/com.st.stm32cube.ide.mcu.externaltools.gnu-tools-for-stm32.11.3.rel1.win32_1.1.0.202305231506/tools/bin/../lib/gcc/arm-none-eabi/11.3.1/thumb/v6-m/nofp\libgcc.a(mulsf3.o)
 .ARM.attributes
                0x0000000000000720       0x2c D:/STM32CubeIDE_1.13.0/STM32CubeIDE/plugins/com.st.stm32cube.ide.mcu.externaltools.gnu-tools-for-stm32.11.3.rel1.win32_1.1.0.202305231506/tools/bin/../lib/gcc/arm-none-eabi/11.3.1/thumb/v6-m/nofp\libgcc.a(floatsisf.o)
 .ARM.attributes
                0x000000000000074c       0x2c D:/STM32CubeIDE_1.13.0/STM32CubeIDE/plugins/com.st.stm32cube.ide.mcu.externaltools.gnu-tools-for-stm32.11.3.rel1.win32_1.1.0.202305231506/tools/bin/../lib/gcc/arm-none-eabi/11.3.1/thumb/v6-m/nofp\libgcc.a(floatunsisf.o)
 .ARM.attributes
                0x0000000000000778       0x1e D:/STM32CubeIDE_1.13.0/STM32CubeIDE/plugins/com.st.stm32cube.ide.mcu.externaltools.gnu-tools-for-stm32.11.3.rel1.win32_1.1.0.202305231506/tools/bin/../lib/gcc/arm-none-eabi/11.3.1/thumb/v6-m/nofp\libgcc.a(_clzsi2.o)
 .ARM.attributes
                0x0000000000000796       0x1e D:/STM32CubeIDE_1.13.0/STM32CubeIDE/plugins/com.st.stm32cube.ide.mcu.externaltools.gnu-tools-for-stm32.11.3.rel1.win32_1.1.0.202305231506/tools/bin/../lib/gcc/arm-none-eabi/11.3.1/thumb/v6-m/nofp\libgcc.a(_clzdi2.o)
 .ARM.attributes
                0x00000000000007b4       0x1e D:/STM32CubeIDE_1.13.0/STM32CubeIDE/plugins/com.st.stm32cube.ide.mcu.externaltools.gnu-tools-for-stm32.11.3.rel1.win32_1.1.0.202305231506/tools/bin/../lib/gcc/arm-none-eabi/11.3.1/thumb/v6-m/nofp/crtn.o
OUTPUT(FreeRTOS.elf elf32-littlearm)
LOAD linker stubs
LOAD D:/STM32CubeIDE_1.13.0/STM32CubeIDE/plugins/com.st.stm32cube.ide.mcu.externaltools.gnu-tools-for-stm32.11.3.rel1.win32_1.1.0.202305231506/tools/bin/../lib/gcc/arm-none-eabi/11.3.1/../../../../arm-none-eabi/lib/thumb/v6-m/nofp\libc.a
LOAD D:/STM32CubeIDE_1.13.0/STM32CubeIDE/plugins/com.st.stm32cube.ide.mcu.externaltools.gnu-tools-for-stm32.11.3.rel1.win32_1.1.0.202305231506/tools/bin/../lib/gcc/arm-none-eabi/11.3.1/../../../../arm-none-eabi/lib/thumb/v6-m/nofp\libm.a
LOAD D:/STM32CubeIDE_1.13.0/STM32CubeIDE/plugins/com.st.stm32cube.ide.mcu.externaltools.gnu-tools-for-stm32.11.3.rel1.win32_1.1.0.202305231506/tools/bin/../lib/gcc/arm-none-eabi/11.3.1/thumb/v6-m/nofp\libgcc.a

.comment        0x0000000000000000       0x43
 .comment       0x0000000000000000       0x43 D:/STM32CubeIDE_1.13.0/STM32CubeIDE/plugins/com.st.stm32cube.ide.mcu.externaltools.gnu-tools-for-stm32.11.3.rel1.win32_1.1.0.202305231506/tools/bin/../lib/gcc/arm-none-eabi/11.3.1/thumb/v6-m/nofp/crtbegin.o
                                         0x44 (size before relaxing)
 .comment       0x0000000000000043       0x44 ./Core/Src/freertos.o
 .comment       0x0000000000000043       0x44 ./Core/Src/gpio.o
 .comment       0x0000000000000043       0x44 ./Core/Src/main.o
 .comment       0x0000000000000043       0x44 ./Core/Src/stm32l0xx_hal_msp.o
 .comment       0x0000000000000043       0x44 ./Core/Src/stm32l0xx_hal_timebase_tim.o
 .comment       0x0000000000000043       0x44 ./Core/Src/stm32l0xx_it.o
 .comment       0x0000000000000043       0x44 ./Core/Src/system_stm32l0xx.o
 .comment       0x0000000000000043       0x44 ./Core/Src/usart.o
 .comment       0x0000000000000043       0x44 ./Drivers/STM32L0xx_HAL_Driver/Src/stm32l0xx_hal.o
 .comment       0x0000000000000043       0x44 ./Drivers/STM32L0xx_HAL_Driver/Src/stm32l0xx_hal_cortex.o
 .comment       0x0000000000000043       0x44 ./Drivers/STM32L0xx_HAL_Driver/Src/stm32l0xx_hal_dma.o
 .comment       0x0000000000000043       0x44 ./Drivers/STM32L0xx_HAL_Driver/Src/stm32l0xx_hal_gpio.o
 .comment       0x0000000000000043       0x44 ./Drivers/STM32L0xx_HAL_Driver/Src/stm32l0xx_hal_rcc.o
 .comment       0x0000000000000043       0x44 ./Drivers/STM32L0xx_HAL_Driver/Src/stm32l0xx_hal_rcc_ex.o
 .comment       0x0000000000000043       0x44 ./Drivers/STM32L0xx_HAL_Driver/Src/stm32l0xx_hal_tim.o
 .comment       0x0000000000000043       0x44 ./Drivers/STM32L0xx_HAL_Driver/Src/stm32l0xx_hal_uart.o
 .comment       0x0000000000000043       0x44 ./Drivers/STM32L0xx_HAL_Driver/Src/stm32l0xx_hal_uart_ex.o
 .comment       0x0000000000000043       0x44 ./Middlewares/Third_Party/FreeRTOS/Source/CMSIS_RTOS_V2/cmsis_os2.o
 .comment       0x0000000000000043       0x44 ./Middlewares/Third_Party/FreeRTOS/Source/list.o
 .comment       0x0000000000000043       0x44 ./Middlewares/Third_Party/FreeRTOS/Source/queue.o
 .comment       0x0000000000000043       0x44 ./Middlewares/Third_Party/FreeRTOS/Source/tasks.o
 .comment       0x0000000000000043       0x44 ./Middlewares/Third_Party/FreeRTOS/Source/timers.o
 .comment       0x0000000000000043       0x44 ./Middlewares/Third_Party/FreeRTOS/Source/portable/GCC/ARM_CM0/port.o
 .comment       0x0000000000000043       0x44 ./Middlewares/Third_Party/FreeRTOS/Source/portable/MemMang/heap_4.o
 .comment       0x0000000000000043       0x44 ./letter-shell-master/shell.o
 .comment       0x0000000000000043       0x44 ./letter-shell-master/shell_ext.o
 .comment       0x0000000000000043       0x44 ./letter-shell-master/shell_port.o

.debug_info     0x0000000000000000    0x19997
 .debug_info    0x0000000000000000      0xfe7 ./Core/Src/freertos.o
 .debug_info    0x0000000000000fe7      0x34b ./Core/Src/gpio.o
 .debug_info    0x0000000000001332      0x9b8 ./Core/Src/main.o
 .debug_info    0x0000000000001cea      0x2b1 ./Core/Src/stm32l0xx_hal_msp.o
 .debug_info    0x0000000000001f9b      0x99d ./Core/Src/stm32l0xx_hal_timebase_tim.o
 .debug_info    0x0000000000002938      0x9a6 ./Core/Src/stm32l0xx_it.o
 .debug_info    0x00000000000032de      0x2d0 ./Core/Src/system_stm32l0xx.o
 .debug_info    0x00000000000035ae     0x11ac ./Core/Src/usart.o
 .debug_info    0x000000000000475a       0x23 ./Core/Startup/startup_stm32l053r8tx.o
 .debug_info    0x000000000000477d      0x863 ./Drivers/STM32L0xx_HAL_Driver/Src/stm32l0xx_hal.o
 .debug_info    0x0000000000004fe0      0x84f ./Drivers/STM32L0xx_HAL_Driver/Src/stm32l0xx_hal_cortex.o
 .debug_info    0x000000000000582f      0x70b ./Drivers/STM32L0xx_HAL_Driver/Src/stm32l0xx_hal_dma.o
 .debug_info    0x0000000000005f3a      0x624 ./Drivers/STM32L0xx_HAL_Driver/Src/stm32l0xx_hal_gpio.o
 .debug_info    0x000000000000655e      0x9fd ./Drivers/STM32L0xx_HAL_Driver/Src/stm32l0xx_hal_rcc.o
 .debug_info    0x0000000000006f5b      0x7e6 ./Drivers/STM32L0xx_HAL_Driver/Src/stm32l0xx_hal_rcc_ex.o
 .debug_info    0x0000000000007741     0x27b3 ./Drivers/STM32L0xx_HAL_Driver/Src/stm32l0xx_hal_tim.o
 .debug_info    0x0000000000009ef4     0x3b30 ./Drivers/STM32L0xx_HAL_Driver/Src/stm32l0xx_hal_uart.o
 .debug_info    0x000000000000da24      0xda1 ./Drivers/STM32L0xx_HAL_Driver/Src/stm32l0xx_hal_uart_ex.o
 .debug_info    0x000000000000e7c5     0x332e ./Middlewares/Third_Party/FreeRTOS/Source/CMSIS_RTOS_V2/cmsis_os2.o
 .debug_info    0x0000000000011af3      0x2af ./Middlewares/Third_Party/FreeRTOS/Source/list.o
 .debug_info    0x0000000000011da2     0x154b ./Middlewares/Third_Party/FreeRTOS/Source/queue.o
 .debug_info    0x00000000000132ed     0x1b4a ./Middlewares/Third_Party/FreeRTOS/Source/tasks.o
 .debug_info    0x0000000000014e37     0x1223 ./Middlewares/Third_Party/FreeRTOS/Source/timers.o
 .debug_info    0x000000000001605a      0x289 ./Middlewares/Third_Party/FreeRTOS/Source/portable/GCC/ARM_CM0/port.o
 .debug_info    0x00000000000162e3      0x309 ./Middlewares/Third_Party/FreeRTOS/Source/portable/MemMang/heap_4.o
 .debug_info    0x00000000000165ec     0x1c9b ./letter-shell-master/shell.o
 .debug_info    0x0000000000018287      0xa06 ./letter-shell-master/shell_ext.o
 .debug_info    0x0000000000018c8d      0xd0a ./letter-shell-master/shell_port.o

.debug_abbrev   0x0000000000000000     0x3ef2
 .debug_abbrev  0x0000000000000000      0x2b4 ./Core/Src/freertos.o
 .debug_abbrev  0x00000000000002b4      0x145 ./Core/Src/gpio.o
 .debug_abbrev  0x00000000000003f9      0x22a ./Core/Src/main.o
 .debug_abbrev  0x0000000000000623       0xe0 ./Core/Src/stm32l0xx_hal_msp.o
 .debug_abbrev  0x0000000000000703      0x212 ./Core/Src/stm32l0xx_hal_timebase_tim.o
 .debug_abbrev  0x0000000000000915      0x199 ./Core/Src/stm32l0xx_it.o
 .debug_abbrev  0x0000000000000aae      0x11c ./Core/Src/system_stm32l0xx.o
 .debug_abbrev  0x0000000000000bca      0x27d ./Core/Src/usart.o
 .debug_abbrev  0x0000000000000e47       0x12 ./Core/Startup/startup_stm32l053r8tx.o
 .debug_abbrev  0x0000000000000e59      0x2a0 ./Drivers/STM32L0xx_HAL_Driver/Src/stm32l0xx_hal.o
 .debug_abbrev  0x00000000000010f9      0x29b ./Drivers/STM32L0xx_HAL_Driver/Src/stm32l0xx_hal_cortex.o
 .debug_abbrev  0x0000000000001394      0x1cd ./Drivers/STM32L0xx_HAL_Driver/Src/stm32l0xx_hal_dma.o
 .debug_abbrev  0x0000000000001561      0x1ca ./Drivers/STM32L0xx_HAL_Driver/Src/stm32l0xx_hal_gpio.o
 .debug_abbrev  0x000000000000172b      0x296 ./Drivers/STM32L0xx_HAL_Driver/Src/stm32l0xx_hal_rcc.o
 .debug_abbrev  0x00000000000019c1      0x219 ./Drivers/STM32L0xx_HAL_Driver/Src/stm32l0xx_hal_rcc_ex.o
 .debug_abbrev  0x0000000000001bda      0x272 ./Drivers/STM32L0xx_HAL_Driver/Src/stm32l0xx_hal_tim.o
 .debug_abbrev  0x0000000000001e4c      0x2e0 ./Drivers/STM32L0xx_HAL_Driver/Src/stm32l0xx_hal_uart.o
 .debug_abbrev  0x000000000000212c      0x2ba ./Drivers/STM32L0xx_HAL_Driver/Src/stm32l0xx_hal_uart_ex.o
 .debug_abbrev  0x00000000000023e6      0x447 ./Middlewares/Third_Party/FreeRTOS/Source/CMSIS_RTOS_V2/cmsis_os2.o
 .debug_abbrev  0x000000000000282d       0xf5 ./Middlewares/Third_Party/FreeRTOS/Source/list.o